Component: Arm Compiler for Embedded 6.22 Tool: armlink [5ee90200]

==============================================================================

Section Cross References

    startup_stm32f746xx.o(STACK) refers (Special) to heapauxi.o(.text) for __use_two_region_memory
    startup_stm32f746xx.o(HEAP) refers (Special) to heapauxi.o(.text) for __use_two_region_memory
    startup_stm32f746xx.o(RESET) refers (Special) to heapauxi.o(.text) for __use_two_region_memory
    startup_stm32f746xx.o(RESET) refers to startup_stm32f746xx.o(STACK) for __initial_sp
    startup_stm32f746xx.o(RESET) refers to startup_stm32f746xx.o(.text) for Reset_Handler
    startup_stm32f746xx.o(RESET) refers to stm32f7xx_it.o(.text.NMI_Handler) for NMI_Handler
    startup_stm32f746xx.o(RESET) refers to stm32f7xx_it.o(.text.HardFault_Handler) for HardFault_Handler
    startup_stm32f746xx.o(RESET) refers to stm32f7xx_it.o(.text.MemManage_Handler) for MemManage_Handler
    startup_stm32f746xx.o(RESET) refers to stm32f7xx_it.o(.text.BusFault_Handler) for BusFault_Handler
    startup_stm32f746xx.o(RESET) refers to stm32f7xx_it.o(.text.UsageFault_Handler) for UsageFault_Handler
    startup_stm32f746xx.o(RESET) refers to stm32f7xx_it.o(.text.SVC_Handler) for SVC_Handler
    startup_stm32f746xx.o(RESET) refers to stm32f7xx_it.o(.text.DebugMon_Handler) for DebugMon_Handler
    startup_stm32f746xx.o(RESET) refers to stm32f7xx_it.o(.text.PendSV_Handler) for PendSV_Handler
    startup_stm32f746xx.o(RESET) refers to stm32f7xx_it.o(.text.SysTick_Handler) for SysTick_Handler
    startup_stm32f746xx.o(RESET) refers to stm32f7xx_it.o(.text.EXTI15_10_IRQHandler) for EXTI15_10_IRQHandler
    startup_stm32f746xx.o(RESET) refers to stm32f7xx_it.o(.text.SDMMC1_IRQHandler) for SDMMC1_IRQHandler
    startup_stm32f746xx.o(RESET) refers to stm32f7xx_it.o(.text.TIM6_DAC_IRQHandler) for TIM6_DAC_IRQHandler
    startup_stm32f746xx.o(RESET) refers to stm32f7xx_it.o(.text.TIM7_IRQHandler) for TIM7_IRQHandler
    startup_stm32f746xx.o(RESET) refers to stm32f7xx_it.o(.text.DMA2_Stream3_IRQHandler) for DMA2_Stream3_IRQHandler
    startup_stm32f746xx.o(RESET) refers to stm32f7xx_it.o(.text.DMA2_Stream6_IRQHandler) for DMA2_Stream6_IRQHandler
    startup_stm32f746xx.o(RESET) refers to stm32f7xx_it.o(.text.DMA2D_IRQHandler) for DMA2D_IRQHandler
    startup_stm32f746xx.o(.text) refers (Special) to heapauxi.o(.text) for __use_two_region_memory
    startup_stm32f746xx.o(.text) refers to system_stm32f7xx.o(.text.SystemInit) for SystemInit
    startup_stm32f746xx.o(.text) refers to __main.o(!!!main) for __main
    startup_stm32f746xx.o(.text) refers to startup_stm32f746xx.o(HEAP) for Heap_Mem
    startup_stm32f746xx.o(.text) refers to startup_stm32f746xx.o(STACK) for Stack_Mem
    stm32746g_discovery.o(.ARM.exidx.text.BSP_GetVersion) refers to stm32746g_discovery.o(.text.BSP_GetVersion) for [Anonymous Symbol]
    stm32746g_discovery.o(.text.BSP_LED_Init) refers to stm32f7xx_hal_gpio.o(.text.HAL_GPIO_Init) for HAL_GPIO_Init
    stm32746g_discovery.o(.text.BSP_LED_Init) refers to stm32f7xx_hal_gpio.o(.text.HAL_GPIO_WritePin) for HAL_GPIO_WritePin
    stm32746g_discovery.o(.ARM.exidx.text.BSP_LED_Init) refers to stm32746g_discovery.o(.text.BSP_LED_Init) for [Anonymous Symbol]
    stm32746g_discovery.o(.text.BSP_LED_DeInit) refers to stm32f7xx_hal_gpio.o(.text.HAL_GPIO_WritePin) for HAL_GPIO_WritePin
    stm32746g_discovery.o(.text.BSP_LED_DeInit) refers to stm32f7xx_hal_gpio.o(.text.HAL_GPIO_DeInit) for HAL_GPIO_DeInit
    stm32746g_discovery.o(.ARM.exidx.text.BSP_LED_DeInit) refers to stm32746g_discovery.o(.text.BSP_LED_DeInit) for [Anonymous Symbol]
    stm32746g_discovery.o(.text.BSP_LED_On) refers to stm32f7xx_hal_gpio.o(.text.HAL_GPIO_WritePin) for HAL_GPIO_WritePin
    stm32746g_discovery.o(.ARM.exidx.text.BSP_LED_On) refers to stm32746g_discovery.o(.text.BSP_LED_On) for [Anonymous Symbol]
    stm32746g_discovery.o(.text.BSP_LED_Off) refers to stm32f7xx_hal_gpio.o(.text.HAL_GPIO_WritePin) for HAL_GPIO_WritePin
    stm32746g_discovery.o(.ARM.exidx.text.BSP_LED_Off) refers to stm32746g_discovery.o(.text.BSP_LED_Off) for [Anonymous Symbol]
    stm32746g_discovery.o(.text.BSP_LED_Toggle) refers to stm32f7xx_hal_gpio.o(.text.HAL_GPIO_TogglePin) for HAL_GPIO_TogglePin
    stm32746g_discovery.o(.ARM.exidx.text.BSP_LED_Toggle) refers to stm32746g_discovery.o(.text.BSP_LED_Toggle) for [Anonymous Symbol]
    stm32746g_discovery.o(.text.BSP_PB_Init) refers to stm32746g_discovery.o(.data.BUTTON_PORT) for BUTTON_PORT
    stm32746g_discovery.o(.text.BSP_PB_Init) refers to stm32f7xx_hal_gpio.o(.text.HAL_GPIO_Init) for HAL_GPIO_Init
    stm32746g_discovery.o(.text.BSP_PB_Init) refers to stm32f7xx_hal_cortex.o(.text.HAL_NVIC_SetPriority) for HAL_NVIC_SetPriority
    stm32746g_discovery.o(.text.BSP_PB_Init) refers to stm32f7xx_hal_cortex.o(.text.HAL_NVIC_EnableIRQ) for HAL_NVIC_EnableIRQ
[...]
    ETH_WKUP_IRQHandler                      0x080002b7   Thumb Code     0  startup_stm32f746xx.o(.text)
    EXTI0_IRQHandler                         0x080002b7   Thumb Code     0  startup_stm32f746xx.o(.text)
    EXTI1_IRQHandler                         0x080002b7   Thumb Code     0  startup_stm32f746xx.o(.text)
    EXTI2_IRQHandler                         0x080002b7   Thumb Code     0  startup_stm32f746xx.o(.text)
    EXTI3_IRQHandler                         0x080002b7   Thumb Code     0  startup_stm32f746xx.o(.text)
    EXTI4_IRQHandler                         0x080002b7   Thumb Code     0  startup_stm32f746xx.o(.text)
    EXTI9_5_IRQHandler                       0x080002b7   Thumb Code     0  startup_stm32f746xx.o(.text)
    FLASH_IRQHandler                         0x080002b7   Thumb Code     0  startup_stm32f746xx.o(.text)
    FMC_IRQHandler                           0x080002b7   Thumb Code     0  startup_stm32f746xx.o(.text)
    FPU_IRQHandler                           0x080002b7   Thumb Code     0  startup_stm32f746xx.o(.text)
    I2C1_ER_IRQHandler                       0x080002b7   Thumb Code     0  startup_stm32f746xx.o(.text)
    I2C1_EV_IRQHandler                       0x080002b7   Thumb Code     0  startup_stm32f746xx.o(.text)
    I2C2_ER_IRQHandler                       0x080002b7   Thumb Code     0  startup_stm32f746xx.o(.text)
    I2C2_EV_IRQHandler                       0x080002b7   Thumb Code     0  startup_stm32f746xx.o(.text)
    I2C3_ER_IRQHandler                       0x080002b7   Thumb Code     0  startup_stm32f746xx.o(.text)
    I2C3_EV_IRQHandler                       0x080002b7   Thumb Code     0  startup_stm32f746xx.o(.text)
    I2C4_ER_IRQHandler                       0x080002b7   Thumb Code     0  startup_stm32f746xx.o(.text)
    I2C4_EV_IRQHandler                       0x080002b7   Thumb Code     0  startup_stm32f746xx.o(.text)
    LPTIM1_IRQHandler                        0x080002b7   Thumb Code     0  startup_stm32f746xx.o(.text)
    LTDC_ER_IRQHandler                       0x080002b7   Thumb Code     0  startup_stm32f746xx.o(.text)
    LTDC_IRQHandler                          0x080002b7   Thumb Code     0  startup_stm32f746xx.o(.text)
    OTG_FS_IRQHandler                        0x080002b7   Thumb Code     0  startup_stm32f746xx.o(.text)
    OTG_FS_WKUP_IRQHandler                   0x080002b7   Thumb Code     0  startup_stm32f746xx.o(.text)
    OTG_HS_EP1_IN_IRQHandler                 0x080002b7   Thumb Code     0  startup_stm32f746xx.o(.text)
    OTG_HS_EP1_OUT_IRQHandler                0x080002b7   Thumb Code     0  startup_stm32f746xx.o(.text)
    OTG_HS_IRQHandler                        0x080002b7   Thumb Code     0  startup_stm32f746xx.o(.text)
    OTG_HS_WKUP_IRQHandler                   0x080002b7   Thumb Code     0  startup_stm32f746xx.o(.text)
    PVD_IRQHandler                           0x080002b7   Thumb Code     0  startup_stm32f746xx.o(.text)
    QUADSPI_IRQHandler                       0x080002b7   Thumb Code     0  startup_stm32f746xx.o(.text)
    RCC_IRQHandler                           0x080002b7   Thumb Code     0  startup_stm32f746xx.o(.text)
    RNG_IRQHandler                           0x080002b7   Thumb Code     0  startup_stm32f746xx.o(.text)
    RTC_Alarm_IRQHandler                     0x080002b7   Thumb Code     0  startup_stm32f746xx.o(.text)
    RTC_WKUP_IRQHandler                      0x080002b7   Thumb Code     0  startup_stm32f746xx.o(.text)
    SAI1_IRQHandler                          0x080002b7   Thumb Code     0  startup_stm32f746xx.o(.text)
    SAI2_IRQHandler                          0x080002b7   Thumb Code     0  startup_stm32f746xx.o(.text)
    SPDIF_RX_IRQHandler                      0x080002b7   Thumb Code     0  startup_stm32f746xx.o(.text)
    SPI1_IRQHandler                          0x080002b7   Thumb Code     0  startup_stm32f746xx.o(.text)
    SPI2_IRQHandler                          0x080002b7   Thumb Code     0  startup_stm32f746xx.o(.text)
    SPI3_IRQHandler                          0x080002b7   Thumb Code     0  startup_stm32f746xx.o(.text)
    SPI4_IRQHandler                          0x080002b7   Thumb Code     0  startup_stm32f746xx.o(.text)
    SPI5_IRQHandler                          0x080002b7   Thumb Code     0  startup_stm32f746xx.o(.text)
    SPI6_IRQHandler                          0x080002b7   Thumb Code     0  startup_stm32f746xx.o(.text)
    TAMP_STAMP_IRQHandler                    0x080002b7   Thumb Code     0  startup_stm32f746xx.o(.text)
    TIM1_BRK_TIM9_IRQHandler                 0x080002b7   Thumb Code     0  startup_stm32f746xx.o(.text)
    TIM1_CC_IRQHandler                       0x080002b7   Thumb Code     0  startup_stm32f746xx.o(.text)
    TIM1_TRG_COM_TIM11_IRQHandler            0x080002b7   Thumb Code     0  startup_stm32f746xx.o(.text)
    TIM1_UP_TIM10_IRQHandler                 0x080002b7   Thumb Code     0  startup_stm32f746xx.o(.text)
    TIM2_IRQHandler                          0x080002b7   Thumb Code     0  startup_stm32f746xx.o(.text)
    TIM3_IRQHandler                          0x080002b7   Thumb Code     0  startup_stm32f746xx.o(.text)
    TIM4_IRQHandler                          0x080002b7   Thumb Code     0  startup_stm32f746xx.o(.text)
    TIM5_IRQHandler                          0x080002b7   Thumb Code     0  startup_stm32f746xx.o(.text)
    TIM8_BRK_TIM12_IRQHandler                0x080002b7   Thumb Code     0  startup_stm32f746xx.o(.text)
    TIM8_CC_IRQHandler                       0x080002b7   Thumb Code     0  startup_stm32f746xx.o(.text)
    TIM8_TRG_COM_TIM14_IRQHandler            0x080002b7   Thumb Code     0  startup_stm32f746xx.o(.text)
    TIM8_UP_TIM13_IRQHandler                 0x080002b7   Thumb Code     0  startup_stm32f746xx.o(.text)
    UART4_IRQHandler                         0x080002b7   Thumb Code     0  startup_stm32f746xx.o(.text)
    UART5_IRQHandler                         0x080002b7   Thumb Code     0  startup_stm32f746xx.o(.text)
    UART7_IRQHandler                         0x080002b7   Thumb Code     0  startup_stm32f746xx.o(.text)
    UART8_IRQHandler                         0x080002b7   Thumb Code     0  startup_stm32f746xx.o(.text)
    USART1_IRQHandler                        0x080002b7   Thumb Code     0  startup_stm32f746xx.o(.text)
    USART2_IRQHandler                        0x080002b7   Thumb Code     0  startup_stm32f746xx.o(.text)
    USART3_IRQHandler                        0x080002b7   Thumb Code     0  startup_stm32f746xx.o(.text)
    USART6_IRQHandler                        0x080002b7   Thumb Code     0  startup_stm32f746xx.o(.text)
    WWDG_IRQHandler                          0x080002b7   Thumb Code     0  startup_stm32f746xx.o(.text)
    __user_initial_stackheap                 0x080002b9   Thumb Code     0  startup_stm32f746xx.o(.text)
    __aeabi_uldivmod                         0x080002dd   Thumb Code     0  lludivv7m.o(.text)
    _ll_udiv                                 0x080002dd   Thumb Code   240  lludivv7m.o(.text)
    __2sprintf                               0x080003cd   Thumb Code    34  noretval__2sprintf.o(.text)
    _printf_pre_padding                      0x080003f5   Thumb Code    44  _printf_pad.o(.text)
    _printf_post_padding                     0x08000421   Thumb Code    34  _printf_pad.o(.text)
    _printf_int_dec                          0x08000445   Thumb Code   104  _printf_dec.o(.text)
    __printf                                 0x080004bd   Thumb Code   270  __printf_wp.o(.text)
    strcpy                                   0x080005cb   Thumb Code    72  strcpy.o(.text)
    __aeabi_memclr                           0x08000613   Thumb Code     0  rt_memclr.o(.text)
    __rt_memclr                              0x08000613   Thumb Code     0  rt_memclr.o(.text)
    _memset                                  0x08000617   Thumb Code    64  rt_memclr.o(.text)
    __aeabi_memclr4                          0x08000657   Thumb Code     0  rt_memclr_w.o(.text)
    __aeabi_memclr8                          0x08000657   Thumb Code     0  rt_memclr_w.o(.text)
    __rt_memclr_w                            0x08000657   Thumb Code     0  rt_memclr_w.o(.text)
    _memset_w                                0x0800065b   Thumb Code    74  rt_memclr_w.o(.text)
    __use_two_region_memory                  0x080006a5   Thumb Code     2  heapauxi.o(.text)
    __rt_heap_escrow$2region                 0x080006a7   Thumb Code     2  heapauxi.o(.text)
    __rt_heap_expand$2region                 0x080006a9   Thumb Code     2  heapauxi.o(.text)
    _printf_int_common                       0x080006ab   Thumb Code   178  _printf_intcommon.o(.text)
    _printf_char_common                      0x08000767   Thumb Code    32  _printf_char_common.o(.text)
    _sputc                                   0x0800078d   Thumb Code    10  _sputc.o(.text)
    __user_setup_stackheap                   0x08000797   Thumb Code    74  sys_stackheap_outer.o(.text)
    exit                                     0x080007e1   Thumb Code    18  exit.o(.text)
    __user_libspace                          0x080007f5   Thumb Code     8  libspace.o(.text)
    __user_perproc_libspace                  0x080007f5   Thumb Code     0  libspace.o(.text)
    __user_perthread_libspace                0x080007f5   Thumb Code     0  libspace.o(.text)
    _sys_exit                                0x080007fd   Thumb Code     8  sys_exit.o(.text)
    __I$use$semihosting                      0x08000809   Thumb Code     0  use_no_semi.o(.text)
    __use_no_semihosting_swi                 0x08000809   Thumb Code     2  use_no_semi.o(.text)
    __semihosting_library_function           0x0800080b   Thumb Code     0  indicate_semi.o(.text)
    BSP_LCD_Clear                            0x08000811   Thumb Code   130  stm32746g_discovery_lcd.o(.text.BSP_LCD_Clear)
    BSP_LCD_ClockConfig                      0x08000899   Thumb Code    30  stm32746g_discovery_lcd.o(.text.BSP_LCD_ClockConfig)
    BSP_LCD_DisplayChar                      0x080008b9   Thumb Code   330  stm32746g_discovery_lcd.o(.text.BSP_LCD_DisplayChar)
    BSP_LCD_DisplayOn                        0x08000a09   Thumb Code    56  stm32746g_discovery_lcd.o(.text.BSP_LCD_DisplayOn)
    BSP_LCD_DisplayStringAt                  0x08000a41   Thumb Code   206  stm32746g_discovery_lcd.o(.text.BSP_LCD_DisplayStringAt)
    BSP_LCD_DrawHLine                        0x08000b11   Thumb Code   170  stm32746g_discovery_lcd.o(.text.BSP_LCD_DrawHLine)
    BSP_LCD_DrawPixel                        0x08000bc1   Thumb Code    78  stm32746g_discovery_lcd.o(.text.BSP_LCD_DrawPixel)
    BSP_LCD_DrawRect                         0x08000c11   Thumb Code    56  stm32746g_discovery_lcd.o(.text.BSP_LCD_DrawRect)
    BSP_LCD_DrawVLine                        0x08000c49   Thumb Code   174  stm32746g_discovery_lcd.o(.text.BSP_LCD_DrawVLine)
    BSP_LCD_FillRect                         0x08000cf9   Thumb Code   174  stm32746g_discovery_lcd.o(.text.BSP_LCD_FillRect)
    BSP_LCD_GetXSize                         0x08000da9   Thumb Code    28  stm32746g_discovery_lcd.o(.text.BSP_LCD_GetXSize)
    BSP_LCD_GetYSize                         0x08000dc9   Thumb Code    28  stm32746g_discovery_lcd.o(.text.BSP_LCD_GetYSize)
    BSP_LCD_Init                             0x08000de9   Thumb Code   192  stm32746g_discovery_lcd.o(.text.BSP_LCD_Init)
    BSP_LCD_LayerDefaultInit                 0x08000ea9   Thumb Code   122  stm32746g_discovery_lcd.o(.text.BSP_LCD_LayerDefaultInit)
    BSP_LCD_MspInit                          0x08000f29   Thumb Code   330  stm32746g_discovery_lcd.o(.text.BSP_LCD_MspInit)
    BSP_LCD_SelectLayer                      0x08001079   Thumb Code    12  stm32746g_discovery_lcd.o(.text.BSP_LCD_SelectLayer)
    BSP_LCD_SetBackColor                     0x08001089   Thumb Code    22  stm32746g_discovery_lcd.o(.text.BSP_LCD_SetBackColor)
    BSP_LCD_SetTextColor                     0x080010a1   Thumb Code    22  stm32746g_discovery_lcd.o(.text.BSP_LCD_SetTextColor)
    BSP_PlatformIsDetected                   0x080010b9   Thumb Code    26  fatfs_platform.o(.text.BSP_PlatformIsDetected)
    BSP_SDRAM_Init                           0x080010d9   Thumb Code   262  stm32746g_discovery_sdram.o(.text.BSP_SDRAM_Init)
    BSP_SDRAM_MspInit                        0x080011e1   Thumb Code   376  stm32746g_discovery_sdram.o(.text.BSP_SDRAM_MspInit)
    BSP_SD_AbortCallback                     0x08001359   Thumb Code     2  bsp_driver_sd.o(.text.BSP_SD_AbortCallback)
    BSP_SD_GetCardInfo                       0x08001361   Thumb Code    18  bsp_driver_sd.o(.text.BSP_SD_GetCardInfo)
    BSP_SD_GetCardState                      0x08001379   Thumb Code    22  bsp_driver_sd.o(.text.BSP_SD_GetCardState)
    BSP_SD_Init                              0x08001391   Thumb Code    30  bsp_driver_sd.o(.text.BSP_SD_Init)
    BSP_SD_IsDetected                        0x080013b1   Thumb Code    30  bsp_driver_sd.o(.text.BSP_SD_IsDetected)
    BSP_SD_ReadBlocks                        0x080013d1   Thumb Code    36  bsp_driver_sd.o(.text.BSP_SD_ReadBlocks)
    BSP_SD_ReadCpltCallback                  0x080013f9   Thumb Code     2  bsp_driver_sd.o(.text.BSP_SD_ReadCpltCallback)
    BSP_SD_WriteBlocks                       0x08001401   Thumb Code    36  bsp_driver_sd.o(.text.BSP_SD_WriteBlocks)
    BSP_SD_WriteCpltCallback                 0x08001429   Thumb Code     2  bsp_driver_sd.o(.text.BSP_SD_WriteCpltCallback)
    BSP_TS_GetState                          0x08001431   Thumb Code   444  stm32746g_discovery_ts.o(.text.BSP_TS_GetState)
    BSP_TS_Init                              0x080015f1   Thumb Code    60  stm32746g_discovery_ts.o(.text.BSP_TS_Init)
    BusFault_Handler                         0x08001631   Thumb Code     2  stm32f7xx_it.o(.text.BusFault_Handler)
    DMA2D_IRQHandler                         0x08001639   Thumb Code    12  stm32f7xx_it.o(.text.DMA2D_IRQHandler)
    DMA2_Stream3_IRQHandler                  0x08001649   Thumb Code    12  stm32f7xx_it.o(.text.DMA2_Stream3_IRQHandler)
    DMA2_Stream6_IRQHandler                  0x08001659   Thumb Code    12  stm32f7xx_it.o(.text.DMA2_Stream6_IRQHandler)
    DebugMon_Handler                         0x08001669   Thumb Code     2  stm32f7xx_it.o(.text.DebugMon_Handler)
    EXTI15_10_IRQHandler                     0x08001671   Thumb Code     8  stm32f7xx_it.o(.text.EXTI15_10_IRQHandler)
    Error_Handler                            0x08001679   Thumb Code    10  main.o(.text.Error_Handler)
    FATFS_LinkDriver                         0x08001689   Thumb Code    76  ff_gen_drv.o(.text.FATFS_LinkDriver)
    FMC_SDRAM_Init                           0x080016d9   Thumb Code   134  stm32f7xx_ll_fmc.o(.text.FMC_SDRAM_Init)
    FMC_SDRAM_ProgramRefreshRate             0x08001761   Thumb Code    22  stm32f7xx_ll_fmc.o(.text.FMC_SDRAM_ProgramRefreshRate)
    FMC_SDRAM_SendCommand                    0x08001779   Thumb Code    46  stm32f7xx_ll_fmc.o(.text.FMC_SDRAM_SendCommand)
    FMC_SDRAM_Timing_Init                    0x080017a9   Thumb Code   218  stm32f7xx_ll_fmc.o(.text.FMC_SDRAM_Timing_Init)
    HAL_DMA2D_CLUTLoadingCpltCallback        0x08001889   Thumb Code     2  stm32f7xx_hal_dma2d.o(.text.HAL_DMA2D_CLUTLoadingCpltCallback)
    HAL_DMA2D_ConfigLayer                    0x08001891   Thumb Code   146  stm32f7xx_hal_dma2d.o(.text.HAL_DMA2D_ConfigLayer)
    HAL_DMA2D_IRQHandler                     0x08001929   Thumb Code   322  stm32f7xx_hal_dma2d.o(.text.HAL_DMA2D_IRQHandler)
    HAL_DMA2D_Init                           0x08001a71   Thumb Code    92  stm32f7xx_hal_dma2d.o(.text.HAL_DMA2D_Init)
    HAL_DMA2D_LineEventCallback              0x08001ad1   Thumb Code     2  stm32f7xx_hal_dma2d.o(.text.HAL_DMA2D_LineEventCallback)
    HAL_DMA2D_MspInit                        0x08001ad9   Thumb Code    68  stm32f7xx_hal_msp.o(.text.HAL_DMA2D_MspInit)
    HAL_DMA2D_PollForTransfer                0x08001b21   Thumb Code   454  stm32f7xx_hal_dma2d.o(.text.HAL_DMA2D_PollForTransfer)
    HAL_DMA2D_Start                          0x08001ce9   Thumb Code   220  stm32f7xx_hal_dma2d.o(.text.HAL_DMA2D_Start)
    HAL_DMA_Abort_IT                         0x08001dc9   Thumb Code    36  stm32f7xx_hal_dma.o(.text.HAL_DMA_Abort_IT)
    HAL_DMA_DeInit                           0x08001df1   Thumb Code   142  stm32f7xx_hal_dma.o(.text.HAL_DMA_DeInit)
    HAL_DMA_IRQHandler                       0x08001e81   Thumb Code   452  stm32f7xx_hal_dma.o(.text.HAL_DMA_IRQHandler)
    HAL_DMA_Init                             0x08002049   Thumb Code   340  stm32f7xx_hal_dma.o(.text.HAL_DMA_Init)
    HAL_Delay                                0x080021a1   Thumb Code    40  stm32f7xx_hal.o(.text.HAL_Delay)
    HAL_GPIO_EXTI_Callback                   0x080021c9   Thumb Code    58  main.o(.text.HAL_GPIO_EXTI_Callback)
    HAL_GPIO_EXTI_IRQHandler                 0x08002209   Thumb Code    22  stm32f7xx_hal_gpio.o(.text.HAL_GPIO_EXTI_IRQHandler)
    HAL_GPIO_Init                            0x08002221   Thumb Code   422  stm32f7xx_hal_gpio.o(.text.HAL_GPIO_Init)
    HAL_GPIO_ReadPin                         0x080023c9   Thumb Code    10  stm32f7xx_hal_gpio.o(.text.HAL_GPIO_ReadPin)
    HAL_GPIO_WritePin                        0x080023d9   Thumb Code    10  stm32f7xx_hal_gpio.o(.text.HAL_GPIO_WritePin)
    HAL_GetTick                              0x080023e9   Thumb Code    12  stm32f7xx_hal.o(.text.HAL_GetTick)
    HAL_I2C_DeInit                           0x080023f9   Thumb Code    52  stm32f7xx_hal_i2c.o(.text.HAL_I2C_DeInit)
    HAL_I2C_GetState                         0x08002431   Thumb Code     6  stm32f7xx_hal_i2c.o(.text.HAL_I2C_GetState)
    HAL_I2C_Init                             0x08002439   Thumb Code   164  stm32f7xx_hal_i2c.o(.text.HAL_I2C_Init)
    HAL_I2C_Mem_Read                         0x080024e1   Thumb Code   732  stm32f7xx_hal_i2c.o(.text.HAL_I2C_Mem_Read)
    HAL_I2C_Mem_Write                        0x080027c1   Thumb Code   664  stm32f7xx_hal_i2c.o(.text.HAL_I2C_Mem_Write)
    HAL_I2C_MspDeInit                        0x08002a59   Thumb Code     2  stm32f7xx_hal_i2c.o(.text.HAL_I2C_MspDeInit)
    HAL_I2C_MspInit                          0x08002a61   Thumb Code     2  stm32f7xx_hal_i2c.o(.text.HAL_I2C_MspInit)
    HAL_IncTick                              0x08002a69   Thumb Code    26  stm32f7xx_hal.o(.text.HAL_IncTick)
    HAL_Init                                 0x08002a89   Thumb Code    22  stm32f7xx_hal.o(.text.HAL_Init)
    HAL_InitTick                             0x08002aa1   Thumb Code    72  stm32f7xx_hal.o(.text.HAL_InitTick)
    HAL_LTDC_ConfigLayer                     0x08002ae9   Thumb Code   116  stm32f7xx_hal_ltdc.o(.text.HAL_LTDC_ConfigLayer)
    HAL_LTDC_GetState                        0x08002b61   Thumb Code     6  stm32f7xx_hal_ltdc.o(.text.HAL_LTDC_GetState)
    HAL_LTDC_Init                            0x08002b69   Thumb Code   228  stm32f7xx_hal_ltdc.o(.text.HAL_LTDC_Init)
    HAL_LTDC_MspInit                         0x08002c51   Thumb Code   330  stm32f7xx_hal_msp.o(.text.HAL_LTDC_MspInit)
    HAL_MspInit                              0x08002da1   Thumb Code    50  stm32f7xx_hal_msp.o(.text.HAL_MspInit)
    HAL_NVIC_EnableIRQ                       0x08002dd9   Thumb Code    32  stm32f7xx_hal_cortex.o(.text.HAL_NVIC_EnableIRQ)
    HAL_NVIC_SetPriority                     0x08002df9   Thumb Code    90  stm32f7xx_hal_cortex.o(.text.HAL_NVIC_SetPriority)
    HAL_NVIC_SetPriorityGrouping             0x08002e59   Thumb Code    32  stm32f7xx_hal_cortex.o(.text.HAL_NVIC_SetPriorityGrouping)
    HAL_PWREx_EnableOverDrive                0x08002e79   Thumb Code   118  stm32f7xx_hal_pwr_ex.o(.text.HAL_PWREx_EnableOverDrive)
    HAL_RCCEx_PeriphCLKConfig                0x08002ef1   Thumb Code  1376  stm32f7xx_hal_rcc_ex.o(.text.HAL_RCCEx_PeriphCLKConfig)
    HAL_RCC_ClockConfig                      0x08003451   Thumb Code   482  stm32f7xx_hal_rcc.o(.text.HAL_RCC_ClockConfig)
    HAL_RCC_GetPCLK1Freq                     0x08003639   Thumb Code    38  stm32f7xx_hal_rcc.o(.text.HAL_RCC_GetPCLK1Freq)
    HAL_RCC_GetPCLK2Freq                     0x08003661   Thumb Code    38  stm32f7xx_hal_rcc.o(.text.HAL_RCC_GetPCLK2Freq)
    HAL_RCC_GetSysClockFreq                  0x08003689   Thumb Code   110  stm32f7xx_hal_rcc.o(.text.HAL_RCC_GetSysClockFreq)
    HAL_RCC_OscConfig                        0x080036f9   Thumb Code   968  stm32f7xx_hal_rcc.o(.text.HAL_RCC_OscConfig)
    HAL_SDRAM_Init                           0x08003ac1   Thumb Code    64  stm32f7xx_hal_sdram.o(.text.HAL_SDRAM_Init)
    HAL_SDRAM_MspInit                        0x08003b01   Thumb Code   228  stm32f7xx_hal_msp.o(.text.HAL_SDRAM_MspInit)
    HAL_SDRAM_ProgramRefreshRate             0x08003be9   Thumb Code    58  stm32f7xx_hal_sdram.o(.text.HAL_SDRAM_ProgramRefreshRate)
    HAL_SDRAM_SendCommand                    0x08003c29   Thumb Code    68  stm32f7xx_hal_sdram.o(.text.HAL_SDRAM_SendCommand)
    HAL_SD_AbortCallback                     0x08003c71   Thumb Code     4  bsp_driver_sd.o(.text.HAL_SD_AbortCallback)
    HAL_SD_ErrorCallback                     0x08003c79   Thumb Code     2  stm32f7xx_hal_sd.o(.text.HAL_SD_ErrorCallback)
    HAL_SD_GetCardCSD                        0x08003c81   Thumb Code   402  stm32f7xx_hal_sd.o(.text.HAL_SD_GetCardCSD)
    HAL_SD_GetCardInfo                       0x08003e19   Thumb Code    38  stm32f7xx_hal_sd.o(.text.HAL_SD_GetCardInfo)
    HAL_SD_GetCardState                      0x08003e41   Thumb Code    42  stm32f7xx_hal_sd.o(.text.HAL_SD_GetCardState)
    HAL_SD_IRQHandler                        0x08003e71   Thumb Code   640  stm32f7xx_hal_sd.o(.text.HAL_SD_IRQHandler)
    HAL_SD_Init                              0x080040f1   Thumb Code    64  stm32f7xx_hal_sd.o(.text.HAL_SD_Init)
    HAL_SD_InitCard                          0x08004131   Thumb Code   526  stm32f7xx_hal_sd.o(.text.HAL_SD_InitCard)
    HAL_SD_MspInit                           0x08004341   Thumb Code   398  stm32f7xx_hal_msp.o(.text.HAL_SD_MspInit)
    HAL_SD_ReadBlocks                        0x080044d1   Thumb Code   564  stm32f7xx_hal_sd.o(.text.HAL_SD_ReadBlocks)
    HAL_SD_RxCpltCallback                    0x08004709   Thumb Code     4  bsp_driver_sd.o(.text.HAL_SD_RxCpltCallback)
    HAL_SD_TxCpltCallback                    0x08004711   Thumb Code     4  bsp_driver_sd.o(.text.HAL_SD_TxCpltCallback)
    HAL_SD_WriteBlocks                       0x08004719   Thumb Code   562  stm32f7xx_hal_sd.o(.text.HAL_SD_WriteBlocks)
    HAL_SYSTICK_Config                       0x08004951   Thumb Code    46  stm32f7xx_hal_cortex.o(.text.HAL_SYSTICK_Config)
    HAL_TIMEx_Break2Callback                 0x08004981   Thumb Code     2  stm32f7xx_hal_tim_ex.o(.text.HAL_TIMEx_Break2Callback)
    HAL_TIMEx_BreakCallback                  0x08004989   Thumb Code     2  stm32f7xx_hal_tim_ex.o(.text.HAL_TIMEx_BreakCallback)
    HAL_TIMEx_CommutCallback                 0x08004991   Thumb Code     2  stm32f7xx_hal_tim_ex.o(.text.HAL_TIMEx_CommutCallback)
    HAL_TIMEx_MasterConfigSynchronization    0x08004999   Thumb Code   206  stm32f7xx_hal_tim_ex.o(.text.HAL_TIMEx_MasterConfigSynchronization)
    HAL_TIM_Base_Init                        0x08004a69   Thumb Code    96  stm32f7xx_hal_tim.o(.text.HAL_TIM_Base_Init)
    HAL_TIM_Base_MspInit                     0x08004ac9   Thumb Code   116  stm32f7xx_hal_msp.o(.text.HAL_TIM_Base_MspInit)
    HAL_TIM_Base_Start                       0x08004b41   Thumb Code   172  stm32f7xx_hal_tim.o(.text.HAL_TIM_Base_Start)
    HAL_TIM_Base_Start_IT                    0x08004bf1   Thumb Code   180  stm32f7xx_hal_tim.o(.text.HAL_TIM_Base_Start_IT)
    HAL_TIM_Base_Stop                        0x08004ca9   Thumb Code    52  stm32f7xx_hal_tim.o(.text.HAL_TIM_Base_Stop)
    HAL_TIM_IC_CaptureCallback               0x08004ce1   Thumb Code     2  stm32f7xx_hal_tim.o(.text.HAL_TIM_IC_CaptureCallback)
    HAL_TIM_IRQHandler                       0x08004ce9   Thumb Code   396  stm32f7xx_hal_tim.o(.text.HAL_TIM_IRQHandler)
    HAL_TIM_OC_DelayElapsedCallback          0x08004e79   Thumb Code     2  stm32f7xx_hal_tim.o(.text.HAL_TIM_OC_DelayElapsedCallback)
    HAL_TIM_PWM_PulseFinishedCallback        0x08004e81   Thumb Code     2  stm32f7xx_hal_tim.o(.text.HAL_TIM_PWM_PulseFinishedCallback)
    HAL_TIM_PeriodElapsedCallback            0x08004e89   Thumb Code    78  main.o(.text.HAL_TIM_PeriodElapsedCallback)
    HAL_TIM_TriggerCallback                  0x08004ed9   Thumb Code     2  stm32f7xx_hal_tim.o(.text.HAL_TIM_TriggerCallback)
    HAL_UART_Init                            0x08004ee1   Thumb Code   162  stm32f7xx_hal_uart.o(.text.HAL_UART_Init)
    HAL_UART_MspInit                         0x08004f89   Thumb Code   194  stm32f7xx_hal_msp.o(.text.HAL_UART_MspInit)
    HardFault_Handler                        0x08005051   Thumb Code     2  stm32f7xx_it.o(.text.HardFault_Handler)
    MX_FATFS_Init                            0x08005529   Thumb Code    34  fatfs.o(.text.MX_FATFS_Init)
    MemManage_Handler                        0x08005551   Thumb Code     2  stm32f7xx_it.o(.text.MemManage_Handler)
    NMI_Handler                              0x08005559   Thumb Code     2  stm32f7xx_it.o(.text.NMI_Handler)
    PendSV_Handler                           0x08005561   Thumb Code     2  stm32f7xx_it.o(.text.PendSV_Handler)
    Read_Bmp_file                            0x08005569   Thumb Code   398  main.o(.text.Read_Bmp_file)
    SDMMC1_IRQHandler                        0x080056f9   Thumb Code    12  stm32f7xx_it.o(.text.SDMMC1_IRQHandler)
    SDMMC_CmdAppCommand                      0x08005709   Thumb Code    24  stm32f7xx_ll_sdmmc.o(.text.SDMMC_CmdAppCommand)
    SDMMC_CmdAppOperCommand                  0x08005721   Thumb Code   146  stm32f7xx_ll_sdmmc.o(.text.SDMMC_CmdAppOperCommand)
    SDMMC_CmdBlockLength                     0x080057b9   Thumb Code    24  stm32f7xx_ll_sdmmc.o(.text.SDMMC_CmdBlockLength)
    SDMMC_CmdGoIdleState                     0x080057d1   Thumb Code    98  stm32f7xx_ll_sdmmc.o(.text.SDMMC_CmdGoIdleState)
    SDMMC_CmdOperCond                        0x08005839   Thumb Code   170  stm32f7xx_ll_sdmmc.o(.text.SDMMC_CmdOperCond)
    SDMMC_CmdReadMultiBlock                  0x080058e9   Thumb Code    24  stm32f7xx_ll_sdmmc.o(.text.SDMMC_CmdReadMultiBlock)
    SDMMC_CmdReadSingleBlock                 0x08005901   Thumb Code    24  stm32f7xx_ll_sdmmc.o(.text.SDMMC_CmdReadSingleBlock)
    SDMMC_CmdSelDesel                        0x08005919   Thumb Code    24  stm32f7xx_ll_sdmmc.o(.text.SDMMC_CmdSelDesel)
    SDMMC_CmdSendCID                         0x08005931   Thumb Code   156  stm32f7xx_ll_sdmmc.o(.text.SDMMC_CmdSendCID)
    SDMMC_CmdSendCSD                         0x080059d1   Thumb Code   156  stm32f7xx_ll_sdmmc.o(.text.SDMMC_CmdSendCSD)
    SDMMC_CmdSendStatus                      0x08005a71   Thumb Code    24  stm32f7xx_ll_sdmmc.o(.text.SDMMC_CmdSendStatus)
    SDMMC_CmdSetRelAdd                       0x08005a89   Thumb Code   202  stm32f7xx_ll_sdmmc.o(.text.SDMMC_CmdSetRelAdd)
    SDMMC_CmdStopTransfer                    0x08005b59   Thumb Code    30  stm32f7xx_ll_sdmmc.o(.text.SDMMC_CmdStopTransfer)
    SDMMC_CmdWriteMultiBlock                 0x08005b79   Thumb Code    24  stm32f7xx_ll_sdmmc.o(.text.SDMMC_CmdWriteMultiBlock)
    SDMMC_CmdWriteSingleBlock                0x08005b91   Thumb Code    24  stm32f7xx_ll_sdmmc.o(.text.SDMMC_CmdWriteSingleBlock)
    SDMMC_ConfigData                         0x08005ba9   Thumb Code    44  stm32f7xx_ll_sdmmc.o(.text.SDMMC_ConfigData)
    SDMMC_GetCmdResp1                        0x08005bd9   Thumb Code   394  stm32f7xx_ll_sdmmc.o(.text.SDMMC_GetCmdResp1)
    SDMMC_GetPowerState                      0x08005d69   Thumb Code     8  stm32f7xx_ll_sdmmc.o(.text.SDMMC_GetPowerState)
    SDMMC_GetResponse                        0x08005d71   Thumb Code     6  stm32f7xx_ll_sdmmc.o(.text.SDMMC_GetResponse)
    SDMMC_Init                               0x08005d79   Thumb Code    36  stm32f7xx_ll_sdmmc.o(.text.SDMMC_Init)
    SDMMC_PowerState_ON                      0x08005da1   Thumb Code    10  stm32f7xx_ll_sdmmc.o(.text.SDMMC_PowerState_ON)
    SDMMC_ReadFIFO                           0x08005db1   Thumb Code     6  stm32f7xx_ll_sdmmc.o(.text.SDMMC_ReadFIFO)
    SDMMC_WriteFIFO                          0x08005db9   Thumb Code    12  stm32f7xx_ll_sdmmc.o(.text.SDMMC_WriteFIFO)
    SD_initialize                            0x08005ea9   Thumb Code    48  sd_diskio.o(.text.SD_initialize)
    SD_ioctl                                 0x08005ed9   Thumb Code    90  sd_diskio.o(.text.SD_ioctl)
    SD_read                                  0x08005f39   Thumb Code    40  sd_diskio.o(.text.SD_read)
    SD_status                                0x08005f61   Thumb Code    36  sd_diskio.o(.text.SD_status)
    SD_write                                 0x08005f89   Thumb Code    40  sd_diskio.o(.text.SD_write)
    SVC_Handler                              0x08005fb1   Thumb Code     2  stm32f7xx_it.o(.text.SVC_Handler)
    SysTick_Handler                          0x08005fb9   Thumb Code     4  stm32f7xx_it.o(.text.SysTick_Handler)
    SystemClock_Config                       0x08005fc1   Thumb Code   196  main.o(.text.SystemClock_Config)
    SystemInit                               0x08006089   Thumb Code    18  system_stm32f7xx.o(.text.SystemInit)
    TIM6_DAC_IRQHandler                      0x080060a1   Thumb Code    12  stm32f7xx_it.o(.text.TIM6_DAC_IRQHandler)
    TIM7_IRQHandler                          0x080060b1   Thumb Code    12  stm32f7xx_it.o(.text.TIM7_IRQHandler)
    TIM_Base_SetConfig                       0x080060c1   Thumb Code   308  stm32f7xx_hal_tim.o(.text.TIM_Base_SetConfig)
    TS_IO_Delay                              0x080061f9   Thumb Code     4  stm32746g_discovery.o(.text.TS_IO_Delay)
    TS_IO_Init                               0x08006201   Thumb Code    12  stm32746g_discovery.o(.text.TS_IO_Init)
    TS_IO_Read                               0x08006211   Thumb Code    74  stm32746g_discovery.o(.text.TS_IO_Read)
    TS_IO_Write                              0x08006261   Thumb Code    70  stm32746g_discovery.o(.text.TS_IO_Write)
    UART_AdvFeatureConfig                    0x080062a9   Thumb Code   224  stm32f7xx_hal_uart.o(.text.UART_AdvFeatureConfig)
    UART_SetConfig                           0x08006389   Thumb Code   572  stm32f7xx_hal_uart.o(.text.UART_SetConfig)
    UART_WaitOnFlagUntilTimeout              0x080065c9   Thumb Code   536  stm32f7xx_hal_uart.o(.text.UART_WaitOnFlagUntilTimeout)
    UsageFault_Handler                       0x080067e1   Thumb Code     2  stm32f7xx_it.o(.text.UsageFault_Handler)
    disk_initialize                          0x08006af9   Thumb Code    40  diskio.o(.text.disk_initialize)
    disk_ioctl                               0x08006b21   Thumb Code    22  diskio.o(.text.disk_ioctl)
    disk_read                                0x08006b39   Thumb Code    32  diskio.o(.text.disk_read)
    disk_status                              0x08006b59   Thumb Code    22  diskio.o(.text.disk_status)
    disk_write                               0x08006b71   Thumb Code    32  diskio.o(.text.disk_write)
    f_close                                  0x08006b91   Thumb Code   122  ff.o(.text.f_close)
    f_closedir                               0x08006c11   Thumb Code   124  ff.o(.text.f_closedir)
    f_mount                                  0x08006c91   Thumb Code   168  ff.o(.text.f_mount)
    f_open                                   0x08006d39   Thumb Code   982  ff.o(.text.f_open)
    f_opendir                                0x08007111   Thumb Code   256  ff.o(.text.f_opendir)
    f_read                                   0x08007211   Thumb Code   592  ff.o(.text.f_read)
    f_readdir                                0x08007461   Thumb Code   404  ff.o(.text.f_readdir)
    f_sync                                   0x080075f9   Thumb Code   202  ff.o(.text.f_sync)
    ft5336_Init                              0x08007d69   Thumb Code    34  ft5336.o(.text.ft5336_Init)
    ft5336_ReadID                            0x08007d91   Thumb Code    98  ft5336.o(.text.ft5336_ReadID)
    ft5336_Reset                             0x08007df9   Thumb Code     2  ft5336.o(.text.ft5336_Reset)
    ft5336_TS_ClearIT                        0x08007e01   Thumb Code     2  ft5336.o(.text.ft5336_TS_ClearIT)
    ft5336_TS_DetectTouch                    0x08007e09   Thumb Code    70  ft5336.o(.text.ft5336_TS_DetectTouch)
    ft5336_TS_DisableIT                      0x08007e51   Thumb Code    10  ft5336.o(.text.ft5336_TS_DisableIT)
    ft5336_TS_EnableIT                       0x08007e61   Thumb Code    10  ft5336.o(.text.ft5336_TS_EnableIT)
    ft5336_TS_GetGestureID                   0x08007e71   Thumb Code    34  ft5336.o(.text.ft5336_TS_GetGestureID)
    ft5336_TS_GetTouchInfo                   0x08007e99   Thumb Code   144  ft5336.o(.text.ft5336_TS_GetTouchInfo)
    ft5336_TS_GetXY                          0x08007f29   Thumb Code   196  ft5336.o(.text.ft5336_TS_GetXY)
    ft5336_TS_ITStatus                       0x08007ff1   Thumb Code     4  ft5336.o(.text.ft5336_TS_ITStatus)
    ft5336_TS_Start                          0x08007ff9   Thumb Code    10  ft5336.o(.text.ft5336_TS_Start)
    get_fattime                              0x080080d9   Thumb Code     4  fatfs.o(.text.get_fattime)
    key_board_init                           0x08008181   Thumb Code   190  main.o(.text.key_board_init)
    main                                     0x08008241   Thumb Code  3404  main.o(.text.main)
    _is_digit                                0x08009253   Thumb Code    14  __printf_wp.o(i._is_digit)
    _fp_init                                 0x08009261   Thumb Code    26  fpinit.o(x$fpl$fpinit)
    __fplib_config_fpu_vfp                   0x08009279   Thumb Code     0  fpinit.o(x$fpl$fpinit)
    __fplib_config_pureend_doubles           0x08009279   Thumb Code     0  fpinit.o(x$fpl$fpinit)
    AHBPrescTable                            0x0800927a   Data          16  system_stm32f7xx.o(.rodata.AHBPrescTable)
    APBPrescTable                            0x0800928a   Data           8  system_stm32f7xx.o(.rodata.APBPrescTable)
    Font24_Table                             0x08009312   Data        6840  stm32746g_discovery_lcd.o(.rodata.Font24_Table)
    SD_Driver                                0x0800adcc   Data          20  sd_diskio.o(.rodata.SD_Driver)
    Region$$Table$$Base                      0x0800ae68   Number         0  anon$$obj.o(Region$$Table)
    Region$$Table$$Limit                     0x0800ae88   Number         0  anon$$obj.o(Region$$Table)
    value                                    0x20000000   Data           4  main.o(.data..L_MergedGlobals)
    frame                                    0x20000004   Data           4  main.o(.data..L_MergedGlobals)
    key_index                                0x20000008   Data          12  main.o(.data..L_MergedGlobals)
    uwTickFreq                               0x20000014   Data           1  stm32f7xx_hal.o(.data..L_MergedGlobals)
    uwTickPrio                               0x20000018   Data           4  stm32f7xx_hal.o(.data..L_MergedGlobals)
    Font24                                   0x2000001c   Data           8  stm32746g_discovery_lcd.o(.data.Font24)
    SystemCoreClock                          0x20000028   Data           4  system_stm32f7xx.o(.data.SystemCoreClock)
    ft5336_ts_drv                            0x2000002c   Data          40  ft5336.o(.data.ft5336_ts_drv)
    __libspace_start                         0x20000058   Data          96  libspace.o(.bss)
    __temporary_stack_top$libspace           0x200000b8   Data           0  libspace.o(.bss)
    sdramHandle                              0x20000144   Data          52  stm32746g_discovery_sdram.o(.bss..L_MergedGlobals)
    init                                     0x200001ac   Data           1  main.o(.bss..L_MergedGlobals.4)
    f_res                                    0x200001ad   Data           1  main.o(.bss..L_MergedGlobals.4)
    Pre_value                                0x200001b0   Data           4  main.o(.bss..L_MergedGlobals.4)
    MODE                                     0x200001b4   Data           4  main.o(.bss..L_MergedGlobals.4)
    sec                                      0x200001b8   Data           4  main.o(.bss..L_MergedGlobals.4)
    pressed                                  0x200001bc   Data           4  main.o(.bss..L_MergedGlobals.4)
    pressed_i                                0x200001c0   Data           4  main.o(.bss..L_MergedGlobals.4)
    resume                                   0x200001c4   Data           4  main.o(.bss..L_MergedGlobals.4)
    fnum                                     0x200001c8   Data           4  main.o(.bss..L_MergedGlobals.4)
    fno                                      0x200001cc   Data          24  main.o(.bss..L_MergedGlobals.4)
    dir                                      0x20000210   Data          48  main.o(.bss..L_MergedGlobals.5)
    hsdram1                                  0x20000240   Data          52  main.o(.bss..L_MergedGlobals.5)
    ReadBuffer                               0x20000382   Data        1024  main.o(.bss.ReadBuffer)
    SDPath                                   0x20000782   Data           4  fatfs.o(.bss.SDPath)
    buffer                                   0x20000786   Data         200  main.o(.bss.buffer)
    disk                                     0x20000850   Data          12  ff_gen_drv.o(.bss.disk)
    file                                     0x2000085c   Data         560  main.o(.bss.file)
    fs                                       0x20000a8c   Data         560  main.o(.bss.fs)
    hLtdcHandler                             0x20000d14   Data         168  stm32746g_discovery_lcd.o(.bss.hLtdcHandler)
    hdma2d                                   0x20000dbc   Data          64  main.o(.bss.hdma2d)
    hdma_sdmmc1_rx                           0x20000dfc   Data          96  main.o(.bss.hdma_sdmmc1_rx)
    hdma_sdmmc1_tx                           0x20000e5c   Data          96  main.o(.bss.hdma_sdmmc1_tx)
    hltdc                                    0x20000ebc   Data         168  main.o(.bss.hltdc)
    hsd1                                     0x20000f64   Data         132  main.o(.bss.hsd1)
    htim6                                    0x20000fe8   Data          76  main.o(.bss.htim6)
    htim7                                    0x20001034   Data          76  main.o(.bss.htim7)
    huart1                                   0x20001080   Data         136  main.o(.bss.huart1)
    key                                      0x20001108   Data         144  main.o(.bss.key)
    retSD                                    0x20001198   Data           1  fatfs.o(.bss.retSD)
    uwTick                                   0x2000119c   Data           4  stm32f7xx_hal.o(.bss.uwTick)



==============================================================================

Memory Map of the image

  Image Entry point : 0x080001c9

  Load Region LR_IROM1 (Base: 0x08000000, Size: 0x0000aee0, Max: 0x00100000, ABSOLUTE)

    Execution Region ER_IROM1 (Exec base: 0x08000000, Load base: 0x08000000, Size: 0x0000ae88, Max: 0x00100000, ABSOLUTE)

    Exec Addr    Load Addr    Size         Type   Attr      Idx    E Section Name        Object

    0x08000000   0x08000000   0x000001c8   Data   RO            3    RESET               startup_stm32f746xx.o
    0x080001c8   0x080001c8   0x00000008   Code   RO         2176  * !!!main             c_w.l(__main.o)
    0x080001d0   0x080001d0   0x0000005c   Code   RO         2362    !!!scatter          c_w.l(__scatter.o)
    0x0800022c   0x0800022c   0x0000001a   Code   RO         2366    !!handler_copy      c_w.l(__scatter_copy.o)
    0x08000246   0x08000246   0x00000002   PAD
    0x08000248   0x08000248   0x00000002   Code   RO         2363    !!handler_null      c_w.l(__scatter.o)
    0x0800024a   0x0800024a   0x00000002   PAD
    0x0800024c   0x0800024c   0x0000001c   Code   RO         2368    !!handler_zi        c_w.l(__scatter_zi.o)
    0x08000268   0x08000268   0x00000000   Code   RO         2165    .ARM.Collect$$_printf_percent$$00000000  c_w.l(_printf_percent.o)
    0x08000268   0x08000268   0x00000006   Code   RO         2164    .ARM.Collect$$_printf_percent$$00000009  c_w.l(_printf_d.o)
    0x0800026e   0x0800026e   0x00000004   Code   RO         2189    .ARM.Collect$$_printf_percent$$00000017  c_w.l(_printf_percent_end.o)
    0x08000272   0x08000272   0x00000002   Code   RO         2224    .ARM.Collect$$libinit$$00000000  c_w.l(libinit.o)
    0x08000274   0x08000274   0x00000004   Code   RO         2236    .ARM.Collect$$libinit$$00000001  c_w.l(libinit2.o)
    0x08000278   0x08000278   0x00000000   Code   RO         2239    .ARM.Collect$$libinit$$00000004  c_w.l(libinit2.o)
    0x08000278   0x08000278   0x00000000   Code   RO         2241    .ARM.Collect$$libinit$$00000006  c_w.l(libinit2.o)
    0x08000278   0x08000278   0x00000000   Code   RO         2244    .ARM.Collect$$libinit$$0000000C  c_w.l(libinit2.o)
    0x08000278   0x08000278   0x00000000   Code   RO         2246    .ARM.Collect$$libinit$$0000000E  c_w.l(libinit2.o)
    0x08000278   0x08000278   0x00000000   Code   RO         2248    .ARM.Collect$$libinit$$00000010  c_w.l(libinit2.o)
    0x08000278   0x08000278   0x00000000   Code   RO         2251    .ARM.Collect$$libinit$$00000013  c_w.l(libinit2.o)
    0x08000278   0x08000278   0x00000000   Code   RO         2253    .ARM.Collect$$libinit$$00000015  c_w.l(libinit2.o)
    0x08000278   0x08000278   0x00000000   Code   RO         2255    .ARM.Collect$$libinit$$00000017  c_w.l(libinit2.o)
    0x08000278   0x08000278   0x00000000   Code   RO         2257    .ARM.Collect$$libinit$$00000019  c_w.l(libinit2.o)
    0x08000278   0x08000278   0x00000000   Code   RO         2259    .ARM.Collect$$libinit$$0000001B  c_w.l(libinit2.o)
    0x08000278   0x08000278   0x00000000   Code   RO         2261    .ARM.Collect$$libinit$$0000001D  c_w.l(libinit2.o)
    0x08000278   0x08000278   0x00000000   Code   RO         2263    .ARM.Collect$$libinit$$0000001F  c_w.l(libinit2.o)
    0x08000278   0x08000278   0x00000000   Code   RO         2265    .ARM.Collect$$libinit$$00000021  c_w.l(libinit2.o)
    0x08000278   0x08000278   0x00000000   Code   RO         2267    .ARM.Collect$$libinit$$00000023  c_w.l(libinit2.o)
    0x08000278   0x08000278   0x00000000   Code   RO         2269    .ARM.Collect$$libinit$$00000025  c_w.l(libinit2.o)
    0x08000278   0x08000278   0x00000000   Code   RO         2271    .ARM.Collect$$libinit$$00000027  c_w.l(libinit2.o)
    0x08000278   0x08000278   0x00000000   Code   RO         2275    .ARM.Collect$$libinit$$0000002E  c_w.l(libinit2.o)
    0x08000278   0x08000278   0x00000000   Code   RO         2277    .ARM.Collect$$libinit$$00000030  c_w.l(libinit2.o)
    0x08000278   0x08000278   0x00000000   Code   RO         2279    .ARM.Collect$$libinit$$00000032  c_w.l(libinit2.o)
    0x08000278   0x08000278   0x00000000   Code   RO         2281    .ARM.Collect$$libinit$$00000034  c_w.l(libinit2.o)
    0x08000278   0x08000278   0x00000002   Code   RO         2282    .ARM.Collect$$libinit$$00000035  c_w.l(libinit2.o)
    0x0800027a   0x0800027a   0x00000002   Code   RO         2317    .ARM.Collect$$libshutdown$$00000000  c_w.l(libshutdown.o)
    0x0800027c   0x0800027c   0x00000000   Code   RO         2345    .ARM.Collect$$libshutdown$$00000002  c_w.l(libshutdown2.o)
    0x0800027c   0x0800027c   0x00000000   Code   RO         2347    .ARM.Collect$$libshutdown$$00000004  c_w.l(libshutdown2.o)
    0x0800027c   0x0800027c   0x00000000   Code   RO         2350    .ARM.Collect$$libshutdown$$00000007  c_w.l(libshutdown2.o)
    0x0800027c   0x0800027c   0x00000000   Code   RO         2353    .ARM.Collect$$libshutdown$$0000000A  c_w.l(libshutdown2.o)
    0x0800027c   0x0800027c   0x00000000   Code   RO         2355    .ARM.Collect$$libshutdown$$0000000C  c_w.l(libshutdown2.o)
    0x0800027c   0x0800027c   0x00000000   Code   RO         2358    .ARM.Collect$$libshutdown$$0000000F  c_w.l(libshutdown2.o)
    0x0800027c   0x0800027c   0x00000002   Code   RO         2359    .ARM.Collect$$libshutdown$$00000010  c_w.l(libshutdown2.o)
    0x0800027e   0x0800027e   0x00000000   Code   RO         2178    .ARM.Collect$$rtentry$$00000000  c_w.l(__rtentry.o)
    0x0800027e   0x0800027e   0x00000000   Code   RO         2193    .ARM.Collect$$rtentry$$00000002  c_w.l(__rtentry2.o)
    0x0800027e   0x0800027e   0x00000006   Code   RO         2205    .ARM.Collect$$rtentry$$00000004  c_w.l(__rtentry4.o)
    0x08000284   0x08000284   0x00000000   Code   RO         2195    .ARM.Collect$$rtentry$$00000009  c_w.l(__rtentry2.o)
    0x08000284   0x08000284   0x00000004   Code   RO         2196    .ARM.Collect$$rtentry$$0000000A  c_w.l(__rtentry2.o)
    0x08000288   0x08000288   0x00000000   Code   RO         2198    .ARM.Collect$$rtentry$$0000000C  c_w.l(__rtentry2.o)
    0x08000288   0x08000288   0x00000008   Code   RO         2199    .ARM.Collect$$rtentry$$0000000D  c_w.l(__rtentry2.o)
    0x08000290   0x08000290   0x00000002   Code   RO         2228    .ARM.Collect$$rtexit$$00000000  c_w.l(rtexit.o)
    0x08000292   0x08000292   0x00000000   Code   RO         2288    .ARM.Collect$$rtexit$$00000002  c_w.l(rtexit2.o)
    0x08000292   0x08000292   0x00000004   Code   RO         2289    .ARM.Collect$$rtexit$$00000003  c_w.l(rtexit2.o)
    0x08000296   0x08000296   0x00000006   Code   RO         2290    .ARM.Collect$$rtexit$$00000004  c_w.l(rtexit2.o)
    0x0800029c   0x0800029c   0x00000040   Code   RO            4    .text               startup_stm32f746xx.o
    0x080002dc   0x080002dc   0x000000f0   Code   RO         2132    .text               c_w.l(lludivv7m.o)
    0x080003cc   0x080003cc   0x00000028   Code   RO         2136    .text               c_w.l(noretval__2sprintf.o)
    0x080003f4   0x080003f4   0x0000004e   Code   RO         2140    .text               c_w.l(_printf_pad.o)
    0x08000442   0x08000442   0x00000002   PAD
    0x08000444   0x08000444   0x00000078   Code   RO         2142    .text               c_w.l(_printf_dec.o)
    0x080004bc   0x080004bc   0x0000010e   Code   RO         2152    .text               c_w.l(__printf_wp.o)
    0x080005ca   0x080005ca   0x00000048   Code   RO         2166    .text               c_w.l(strcpy.o)
    0x08000612   0x08000612   0x00000044   Code   RO         2170    .text               c_w.l(rt_memclr.o)
    0x08000656   0x08000656   0x0000004e   Code   RO         2172    .text               c_w.l(rt_memclr_w.o)
    0x080006a4   0x080006a4   0x00000006   Code   RO         2174    .text               c_w.l(heapauxi.o)
    0x080006aa   0x080006aa   0x000000b2   Code   RO         2183    .text               c_w.l(_printf_intcommon.o)
    0x0800075c   0x0800075c   0x00000030   Code   RO         2185    .text               c_w.l(_printf_char_common.o)
    0x0800078c   0x0800078c   0x0000000a   Code   RO         2187    .text               c_w.l(_sputc.o)
    0x08000796   0x08000796   0x0000004a   Code   RO         2211    .text               c_w.l(sys_stackheap_outer.o)
    0x080007e0   0x080007e0   0x00000012   Code   RO         2213    .text               c_w.l(exit.o)
    0x080007f2   0x080007f2   0x00000002   PAD
    0x080007f4   0x080007f4   0x00000008   Code   RO         2225    .text               c_w.l(libspace.o)
    0x080007fc   0x080007fc   0x0000000c   Code   RO         2283    .text               c_w.l(sys_exit.o)
    0x08000808   0x08000808   0x00000002   Code   RO         2306    .text               c_w.l(use_no_semi.o)
    0x0800080a   0x0800080a   0x00000000   Code   RO         2308    .text               c_w.l(indicate_semi.o)
    0x0800080a   0x0800080a   0x00000006   PAD
    0x08000810   0x08000810   0x00000082   Code   RO          152    .text.BSP_LCD_Clear  stm32746g_discovery_lcd.o
    0x08000892   0x08000892   0x00000006   PAD
    0x08000898   0x08000898   0x0000001e   Code   RO           90    .text.BSP_LCD_ClockConfig  stm32746g_discovery_lcd.o
    0x080008b6   0x080008b6   0x00000002   PAD
    0x080008b8   0x080008b8   0x0000014a   Code   RO          158    .text.BSP_LCD_DisplayChar  stm32746g_discovery_lcd.o
    0x08000a02   0x08000a02   0x00000006   PAD
    0x08000a08   0x08000a08   0x00000038   Code   RO          188    .text.BSP_LCD_DisplayOn  stm32746g_discovery_lcd.o
    0x08000a40   0x08000a40   0x000000ce   Code   RO          160    .text.BSP_LCD_DisplayStringAt  stm32746g_discovery_lcd.o
    0x08000b0e   0x08000b0e   0x00000002   PAD
    0x08000b10   0x08000b10   0x000000aa   Code   RO          164    .text.BSP_LCD_DrawHLine  stm32746g_discovery_lcd.o
    0x08000bba   0x08000bba   0x00000006   PAD
    0x08000bc0   0x08000bc0   0x0000004e   Code   RO          170    .text.BSP_LCD_DrawPixel  stm32746g_discovery_lcd.o
    0x08000c0e   0x08000c0e   0x00000002   PAD
    0x08000c10   0x08000c10   0x00000038   Code   RO          172    .text.BSP_LCD_DrawRect  stm32746g_discovery_lcd.o
    0x08000c48   0x08000c48   0x000000ae   Code   RO          166    .text.BSP_LCD_DrawVLine  stm32746g_discovery_lcd.o
    0x08000cf6   0x08000cf6   0x00000002   PAD
    0x08000cf8   0x08000cf8   0x000000ae   Code   RO          156    .text.BSP_LCD_FillRect  stm32746g_discovery_lcd.o
    0x08000da6   0x08000da6   0x00000002   PAD
    0x08000da8   0x08000da8   0x0000001c   Code   RO          100    .text.BSP_LCD_GetXSize  stm32746g_discovery_lcd.o
    0x08000dc4   0x08000dc4   0x00000004   PAD
    0x08000dc8   0x08000dc8   0x0000001c   Code   RO          102    .text.BSP_LCD_GetYSize  stm32746g_discovery_lcd.o
    0x08000de4   0x08000de4   0x00000004   PAD
    0x08000de8   0x08000de8   0x000000c0   Code   RO           88    .text.BSP_LCD_Init  stm32746g_discovery_lcd.o
    0x08000ea8   0x08000ea8   0x0000007a   Code   RO          108    .text.BSP_LCD_LayerDefaultInit  stm32746g_discovery_lcd.o
    0x08000f22   0x08000f22   0x00000006   PAD
    0x08000f28   0x08000f28   0x0000014a   Code   RO           92    .text.BSP_LCD_MspInit  stm32746g_discovery_lcd.o
    0x08001072   0x08001072   0x00000006   PAD
    0x08001078   0x08001078   0x0000000c   Code   RO          112    .text.BSP_LCD_SelectLayer  stm32746g_discovery_lcd.o
    0x08001084   0x08001084   0x00000004   PAD
    0x08001088   0x08001088   0x00000016   Code   RO          144    .text.BSP_LCD_SetBackColor  stm32746g_discovery_lcd.o
    0x0800109e   0x0800109e   0x00000002   PAD
    0x080010a0   0x080010a0   0x00000016   Code   RO          140    .text.BSP_LCD_SetTextColor  stm32746g_discovery_lcd.o
    0x080010b6   0x080010b6   0x00000002   PAD
    0x080010b8   0x080010b8   0x0000001a   Code   RO         1983    .text.BSP_PlatformIsDetected  fatfs_platform.o
    0x080010d2   0x080010d2   0x00000006   PAD
    0x080010d8   0x080010d8   0x00000106   Code   RO          213    .text.BSP_SDRAM_Init  stm32746g_discovery_sdram.o
    0x080011de   0x080011de   0x00000002   PAD
    0x080011e0   0x080011e0   0x00000178   Code   RO          215    .text.BSP_SDRAM_MspInit  stm32746g_discovery_sdram.o
    0x08001358   0x08001358   0x00000002   Code   RO         1945    .text.BSP_SD_AbortCallback  bsp_driver_sd.o
    0x0800135a   0x0800135a   0x00000006   PAD
    0x08001360   0x08001360   0x00000012   Code   RO         1941    .text.BSP_SD_GetCardInfo  bsp_driver_sd.o
    0x08001372   0x08001372   0x00000006   PAD
    0x08001378   0x08001378   0x00000016   Code   RO         1939    .text.BSP_SD_GetCardState  bsp_driver_sd.o
    0x0800138e   0x0800138e   0x00000002   PAD
    0x08001390   0x08001390   0x0000001e   Code   RO         1923    .text.BSP_SD_Init   bsp_driver_sd.o
    0x080013ae   0x080013ae   0x00000002   PAD
    0x080013b0   0x080013b0   0x0000001e   Code   RO         1925    .text.BSP_SD_IsDetected  bsp_driver_sd.o
    0x080013ce   0x080013ce   0x00000002   PAD
    0x080013d0   0x080013d0   0x00000024   Code   RO         1929    .text.BSP_SD_ReadBlocks  bsp_driver_sd.o
    0x080013f4   0x080013f4   0x00000004   PAD
    0x080013f8   0x080013f8   0x00000002   Code   RO         1953    .text.BSP_SD_ReadCpltCallback  bsp_driver_sd.o
    0x080013fa   0x080013fa   0x00000006   PAD
    0x08001400   0x08001400   0x00000024   Code   RO         1931    .text.BSP_SD_WriteBlocks  bsp_driver_sd.o
    0x08001424   0x08001424   0x00000004   PAD
    0x08001428   0x08001428   0x00000002   Code   RO         1949    .text.BSP_SD_WriteCpltCallback  bsp_driver_sd.o
    0x0800142a   0x0800142a   0x00000006   PAD
    0x08001430   0x08001430   0x000001bc   Code   RO          252    .text.BSP_TS_GetState  stm32746g_discovery_ts.o
    0x080015ec   0x080015ec   0x00000004   PAD
    0x080015f0   0x080015f0   0x0000003c   Code   RO          244    .text.BSP_TS_Init   stm32746g_discovery_ts.o
    0x0800162c   0x0800162c   0x00000004   PAD
    0x08001630   0x08001630   0x00000002   Code   RO          352    .text.BusFault_Handler  stm32f7xx_it.o
    0x08001632   0x08001632   0x00000006   PAD
    0x08001638   0x08001638   0x0000000c   Code   RO          376    .text.DMA2D_IRQHandler  stm32f7xx_it.o
    0x08001644   0x08001644   0x00000004   PAD
    0x08001648   0x08001648   0x0000000c   Code   RO          372    .text.DMA2_Stream3_IRQHandler  stm32f7xx_it.o
    0x08001654   0x08001654   0x00000004   PAD
    0x08001658   0x08001658   0x0000000c   Code   RO          374    .text.DMA2_Stream6_IRQHandler  stm32f7xx_it.o
    0x08001664   0x08001664   0x00000004   PAD
    0x08001668   0x08001668   0x00000002   Code   RO          358    .text.DebugMon_Handler  stm32f7xx_it.o
    0x0800166a   0x0800166a   0x00000006   PAD
    0x08001670   0x08001670   0x00000008   Code   RO          364    .text.EXTI15_10_IRQHandler  stm32f7xx_it.o
    0x08001678   0x08001678   0x0000000a   Code   RO          310    .text.Error_Handler  main.o
    0x08001682   0x08001682   0x00000006   PAD
    0x08001688   0x08001688   0x0000004c   Code   RO         2113    .text.FATFS_LinkDriver  ff_gen_drv.o
    0x080016d4   0x080016d4   0x00000004   PAD
    0x080016d8   0x080016d8   0x00000086   Code   RO         1081    .text.FMC_SDRAM_Init  stm32f7xx_ll_fmc.o
    0x0800175e   0x0800175e   0x00000002   PAD
    0x08001760   0x08001760   0x00000016   Code   RO         1093    .text.FMC_SDRAM_ProgramRefreshRate  stm32f7xx_ll_fmc.o
    0x08001776   0x08001776   0x00000002   PAD
    0x08001778   0x08001778   0x0000002e   Code   RO         1091    .text.FMC_SDRAM_SendCommand  stm32f7xx_ll_fmc.o
    0x080017a6   0x080017a6   0x00000002   PAD
    0x080017a8   0x080017a8   0x000000da   Code   RO         1083    .text.FMC_SDRAM_Timing_Init  stm32f7xx_ll_fmc.o
    0x08001882   0x08001882   0x00000006   PAD
    0x08001888   0x08001888   0x00000002   Code   RO          511    .text.HAL_DMA2D_CLUTLoadingCpltCallback  stm32f7xx_hal_dma2d.o
    0x0800188a   0x0800188a   0x00000006   PAD
    0x08001890   0x08001890   0x00000092   Code   RO          513    .text.HAL_DMA2D_ConfigLayer  stm32f7xx_hal_dma2d.o
    0x08001922   0x08001922   0x00000006   PAD
    0x08001928   0x08001928   0x00000142   Code   RO          507    .text.HAL_DMA2D_IRQHandler  stm32f7xx_hal_dma2d.o
    0x08001a6a   0x08001a6a   0x00000006   PAD
    0x08001a70   0x08001a70   0x0000005c   Code   RO          467    .text.HAL_DMA2D_Init  stm32f7xx_hal_dma2d.o
    0x08001acc   0x08001acc   0x00000004   PAD
    0x08001ad0   0x08001ad0   0x00000002   Code   RO          509    .text.HAL_DMA2D_LineEventCallback  stm32f7xx_hal_dma2d.o
    0x08001ad2   0x08001ad2   0x00000006   PAD
    0x08001ad8   0x08001ad8   0x00000044   Code   RO          387    .text.HAL_DMA2D_MspInit  stm32f7xx_hal_msp.o
    0x08001b1c   0x08001b1c   0x00000004   PAD
    0x08001b20   0x08001b20   0x000001c6   Code   RO          505    .text.HAL_DMA2D_PollForTransfer  stm32f7xx_hal_dma2d.o
    0x08001ce6   0x08001ce6   0x00000002   PAD
    0x08001ce8   0x08001ce8   0x000000dc   Code   RO          479    .text.HAL_DMA2D_Start  stm32f7xx_hal_dma2d.o
    0x08001dc4   0x08001dc4   0x00000004   PAD
    0x08001dc8   0x08001dc8   0x00000024   Code   RO          680    .text.HAL_DMA_Abort_IT  stm32f7xx_hal_dma.o
    0x08001dec   0x08001dec   0x00000004   PAD
    0x08001df0   0x08001df0   0x0000008e   Code   RO          672    .text.HAL_DMA_DeInit  stm32f7xx_hal_dma.o
    0x08001e7e   0x08001e7e   0x00000002   PAD
    0x08001e80   0x08001e80   0x000001c4   Code   RO          684    .text.HAL_DMA_IRQHandler  stm32f7xx_hal_dma.o
    0x08002044   0x08002044   0x00000004   PAD
    0x08002048   0x08002048   0x00000154   Code   RO          670    .text.HAL_DMA_Init  stm32f7xx_hal_dma.o
    0x0800219c   0x0800219c   0x00000004   PAD
    0x080021a0   0x080021a0   0x00000028   Code   RO          813    .text.HAL_Delay     stm32f7xx_hal.o
    0x080021c8   0x080021c8   0x0000003a   Code   RO          314    .text.HAL_GPIO_EXTI_Callback  main.o
    0x08002202   0x08002202   0x00000006   PAD
    0x08002208   0x08002208   0x00000016   Code   RO          658    .text.HAL_GPIO_EXTI_IRQHandler  stm32f7xx_hal_gpio.o
    0x0800221e   0x0800221e   0x00000002   PAD
    0x08002220   0x08002220   0x000001a6   Code   RO          646    .text.HAL_GPIO_Init  stm32f7xx_hal_gpio.o
    0x080023c6   0x080023c6   0x00000002   PAD
    0x080023c8   0x080023c8   0x0000000a   Code   RO          650    .text.HAL_GPIO_ReadPin  stm32f7xx_hal_gpio.o
    0x080023d2   0x080023d2   0x00000006   PAD
    0x080023d8   0x080023d8   0x0000000a   Code   RO          652    .text.HAL_GPIO_WritePin  stm32f7xx_hal_gpio.o
    0x080023e2   0x080023e2   0x00000006   PAD
    0x080023e8   0x080023e8   0x0000000c   Code   RO          805    .text.HAL_GetTick   stm32f7xx_hal.o
    0x080023f4   0x080023f4   0x00000004   PAD
    0x080023f8   0x080023f8   0x00000034   Code   RO          865    .text.HAL_I2C_DeInit  stm32f7xx_hal_i2c.o
    0x0800242c   0x0800242c   0x00000004   PAD
    0x08002430   0x08002430   0x00000006   Code   RO          987    .text.HAL_I2C_GetState  stm32f7xx_hal_i2c.o
    0x08002436   0x08002436   0x00000002   PAD
    0x08002438   0x08002438   0x000000a4   Code   RO          861    .text.HAL_I2C_Init  stm32f7xx_hal_i2c.o
    0x080024dc   0x080024dc   0x00000004   PAD
    0x080024e0   0x080024e0   0x000002dc   Code   RO          921    .text.HAL_I2C_Mem_Read  stm32f7xx_hal_i2c.o
    0x080027bc   0x080027bc   0x00000004   PAD
    0x080027c0   0x080027c0   0x00000298   Code   RO          919    .text.HAL_I2C_Mem_Write  stm32f7xx_hal_i2c.o
    0x08002a58   0x08002a58   0x00000002   Code   RO          867    .text.HAL_I2C_MspDeInit  stm32f7xx_hal_i2c.o
    0x08002a5a   0x08002a5a   0x00000006   PAD
    0x08002a60   0x08002a60   0x00000002   Code   RO          863    .text.HAL_I2C_MspInit  stm32f7xx_hal_i2c.o
    0x08002a62   0x08002a62   0x00000006   PAD
    0x08002a68   0x08002a68   0x0000001a   Code   RO          803    .text.HAL_IncTick   stm32f7xx_hal.o
    0x08002a82   0x08002a82   0x00000006   PAD
    0x08002a88   0x08002a88   0x00000016   Code   RO          793    .text.HAL_Init      stm32f7xx_hal.o
    0x08002a9e   0x08002a9e   0x00000002   PAD
    0x08002aa0   0x08002aa0   0x00000048   Code   RO          795    .text.HAL_InitTick  stm32f7xx_hal.o
    0x08002ae8   0x08002ae8   0x00000074   Code   RO         1183    .text.HAL_LTDC_ConfigLayer  stm32f7xx_hal_ltdc.o
    0x08002b5c   0x08002b5c   0x00000004   PAD
    0x08002b60   0x08002b60   0x00000006   Code   RO         1243    .text.HAL_LTDC_GetState  stm32f7xx_hal_ltdc.o
    0x08002b66   0x08002b66   0x00000002   PAD
    0x08002b68   0x08002b68   0x000000e4   Code   RO         1167    .text.HAL_LTDC_Init  stm32f7xx_hal_ltdc.o
    0x08002c4c   0x08002c4c   0x00000004   PAD
    0x08002c50   0x08002c50   0x0000014a   Code   RO          391    .text.HAL_LTDC_MspInit  stm32f7xx_hal_msp.o
    0x08002d9a   0x08002d9a   0x00000006   PAD
    0x08002da0   0x08002da0   0x00000032   Code   RO          385    .text.HAL_MspInit   stm32f7xx_hal_msp.o
    0x08002dd2   0x08002dd2   0x00000006   PAD
    0x08002dd8   0x08002dd8   0x00000020   Code   RO          425    .text.HAL_NVIC_EnableIRQ  stm32f7xx_hal_cortex.o
    0x08002df8   0x08002df8   0x0000005a   Code   RO          423    .text.HAL_NVIC_SetPriority  stm32f7xx_hal_cortex.o
    0x08002e52   0x08002e52   0x00000006   PAD
    0x08002e58   0x08002e58   0x00000020   Code   RO          421    .text.HAL_NVIC_SetPriorityGrouping  stm32f7xx_hal_cortex.o
    0x08002e78   0x08002e78   0x00000076   Code   RO          775    .text.HAL_PWREx_EnableOverDrive  stm32f7xx_hal_pwr_ex.o
    0x08002eee   0x08002eee   0x00000002   PAD
    0x08002ef0   0x08002ef0   0x00000560   Code   RO          573    .text.HAL_RCCEx_PeriphCLKConfig  stm32f7xx_hal_rcc_ex.o
    0x08003450   0x08003450   0x000001e2   Code   RO          541    .text.HAL_RCC_ClockConfig  stm32f7xx_hal_rcc.o
    0x08003632   0x08003632   0x00000006   PAD
    0x08003638   0x08003638   0x00000026   Code   RO          553    .text.HAL_RCC_GetPCLK1Freq  stm32f7xx_hal_rcc.o
    0x0800365e   0x0800365e   0x00000002   PAD
    0x08003660   0x08003660   0x00000026   Code   RO          555    .text.HAL_RCC_GetPCLK2Freq  stm32f7xx_hal_rcc.o
    0x08003686   0x08003686   0x00000002   PAD
    0x08003688   0x08003688   0x0000006e   Code   RO          543    .text.HAL_RCC_GetSysClockFreq  stm32f7xx_hal_rcc.o
    0x080036f6   0x080036f6   0x00000002   PAD
    0x080036f8   0x080036f8   0x000003c8   Code   RO          539    .text.HAL_RCC_OscConfig  stm32f7xx_hal_rcc.o
    0x08003ac0   0x08003ac0   0x00000040   Code   RO         1107    .text.HAL_SDRAM_Init  stm32f7xx_hal_sdram.o
    0x08003b00   0x08003b00   0x000000e4   Code   RO          407    .text.HAL_SDRAM_MspInit  stm32f7xx_hal_msp.o
    0x08003be4   0x08003be4   0x00000004   PAD
    0x08003be8   0x08003be8   0x0000003a   Code   RO         1151    .text.HAL_SDRAM_ProgramRefreshRate  stm32f7xx_hal_sdram.o
    0x08003c22   0x08003c22   0x00000006   PAD
    0x08003c28   0x08003c28   0x00000044   Code   RO         1149    .text.HAL_SDRAM_SendCommand  stm32f7xx_hal_sdram.o
    0x08003c6c   0x08003c6c   0x00000004   PAD
    0x08003c70   0x08003c70   0x00000004   Code   RO         1943    .text.HAL_SD_AbortCallback  bsp_driver_sd.o
    0x08003c74   0x08003c74   0x00000004   PAD
    0x08003c78   0x08003c78   0x00000002   Code   RO         1388    .text.HAL_SD_ErrorCallback  stm32f7xx_hal_sd.o
    0x08003c7a   0x08003c7a   0x00000006   PAD
    0x08003c80   0x08003c80   0x00000192   Code   RO         1406    .text.HAL_SD_GetCardCSD  stm32f7xx_hal_sd.o
    0x08003e12   0x08003e12   0x00000006   PAD
    0x08003e18   0x08003e18   0x00000026   Code   RO         1410    .text.HAL_SD_GetCardInfo  stm32f7xx_hal_sd.o
    0x08003e3e   0x08003e3e   0x00000002   PAD
    0x08003e40   0x08003e40   0x0000002a   Code   RO         1414    .text.HAL_SD_GetCardState  stm32f7xx_hal_sd.o
    0x08003e6a   0x08003e6a   0x00000006   PAD
    0x08003e70   0x08003e70   0x00000280   Code   RO         1386    .text.HAL_SD_IRQHandler  stm32f7xx_hal_sd.o
    0x080040f0   0x080040f0   0x00000040   Code   RO         1356    .text.HAL_SD_Init   stm32f7xx_hal_sd.o
    0x08004130   0x08004130   0x0000020e   Code   RO         1360    .text.HAL_SD_InitCard  stm32f7xx_hal_sd.o
    0x0800433e   0x0800433e   0x00000002   PAD
    0x08004340   0x08004340   0x0000018e   Code   RO          395    .text.HAL_SD_MspInit  stm32f7xx_hal_msp.o
    0x080044ce   0x080044ce   0x00000002   PAD
    0x080044d0   0x080044d0   0x00000234   Code   RO         1366    .text.HAL_SD_ReadBlocks  stm32f7xx_hal_sd.o
    0x08004704   0x08004704   0x00000004   PAD
    0x08004708   0x08004708   0x00000004   Code   RO         1951    .text.HAL_SD_RxCpltCallback  bsp_driver_sd.o
    0x0800470c   0x0800470c   0x00000004   PAD
    0x08004710   0x08004710   0x00000004   Code   RO         1947    .text.HAL_SD_TxCpltCallback  bsp_driver_sd.o
    0x08004714   0x08004714   0x00000004   PAD
    0x08004718   0x08004718   0x00000232   Code   RO         1368    .text.HAL_SD_WriteBlocks  stm32f7xx_hal_sd.o
    0x0800494a   0x0800494a   0x00000006   PAD
    0x08004950   0x08004950   0x0000002e   Code   RO          433    .text.HAL_SYSTICK_Config  stm32f7xx_hal_cortex.o
    0x0800497e   0x0800497e   0x00000002   PAD
    0x08004980   0x08004980   0x00000002   Code   RO         1739    .text.HAL_TIMEx_Break2Callback  stm32f7xx_hal_tim_ex.o
    0x08004982   0x08004982   0x00000006   PAD
    0x08004988   0x08004988   0x00000002   Code   RO         1737    .text.HAL_TIMEx_BreakCallback  stm32f7xx_hal_tim_ex.o
    0x0800498a   0x0800498a   0x00000006   PAD
    0x08004990   0x08004990   0x00000002   Code   RO         1733    .text.HAL_TIMEx_CommutCallback  stm32f7xx_hal_tim_ex.o
    0x08004992   0x08004992   0x00000006   PAD
    0x08004998   0x08004998   0x000000ce   Code   RO         1725    .text.HAL_TIMEx_MasterConfigSynchronization  stm32f7xx_hal_tim_ex.o
    0x08004a66   0x08004a66   0x00000002   PAD
    0x08004a68   0x08004a68   0x00000060   Code   RO         1430    .text.HAL_TIM_Base_Init  stm32f7xx_hal_tim.o
    0x08004ac8   0x08004ac8   0x00000074   Code   RO          399    .text.HAL_TIM_Base_MspInit  stm32f7xx_hal_msp.o
    0x08004b3c   0x08004b3c   0x00000004   PAD
    0x08004b40   0x08004b40   0x000000ac   Code   RO         1440    .text.HAL_TIM_Base_Start  stm32f7xx_hal_tim.o
    0x08004bec   0x08004bec   0x00000004   PAD
    0x08004bf0   0x08004bf0   0x000000b4   Code   RO         1444    .text.HAL_TIM_Base_Start_IT  stm32f7xx_hal_tim.o
    0x08004ca4   0x08004ca4   0x00000004   PAD
    0x08004ca8   0x08004ca8   0x00000034   Code   RO         1442    .text.HAL_TIM_Base_Stop  stm32f7xx_hal_tim.o
    0x08004cdc   0x08004cdc   0x00000004   PAD
    0x08004ce0   0x08004ce0   0x00000002   Code   RO         1566    .text.HAL_TIM_IC_CaptureCallback  stm32f7xx_hal_tim.o
    0x08004ce2   0x08004ce2   0x00000006   PAD
    0x08004ce8   0x08004ce8   0x0000018c   Code   RO         1564    .text.HAL_TIM_IRQHandler  stm32f7xx_hal_tim.o
    0x08004e74   0x08004e74   0x00000004   PAD
    0x08004e78   0x08004e78   0x00000002   Code   RO         1568    .text.HAL_TIM_OC_DelayElapsedCallback  stm32f7xx_hal_tim.o
    0x08004e7a   0x08004e7a   0x00000006   PAD
    0x08004e80   0x08004e80   0x00000002   Code   RO         1570    .text.HAL_TIM_PWM_PulseFinishedCallback  stm32f7xx_hal_tim.o
    0x08004e82   0x08004e82   0x00000006   PAD
    0x08004e88   0x08004e88   0x0000004e   Code   RO          316    .text.HAL_TIM_PeriodElapsedCallback  main.o
    0x08004ed6   0x08004ed6   0x00000002   PAD
    0x08004ed8   0x08004ed8   0x00000002   Code   RO         1574    .text.HAL_TIM_TriggerCallback  stm32f7xx_hal_tim.o
    0x08004eda   0x08004eda   0x00000006   PAD
    0x08004ee0   0x08004ee0   0x000000a2   Code   RO         1753    .text.HAL_UART_Init  stm32f7xx_hal_uart.o
    0x08004f82   0x08004f82   0x00000006   PAD
    0x08004f88   0x08004f88   0x000000c2   Code   RO          403    .text.HAL_UART_MspInit  stm32f7xx_hal_msp.o
    0x0800504a   0x0800504a   0x00000006   PAD
    0x08005050   0x08005050   0x00000002   Code   RO          348    .text.HardFault_Handler  stm32f7xx_it.o
    0x08005052   0x08005052   0x00000006   PAD
    0x08005058   0x08005058   0x00000160   Code   RO         1003    .text.I2C_IsErrorOccurred  stm32f7xx_hal_i2c.o
    0x080051b8   0x080051b8   0x00000068   Code   RO          875    .text.I2C_WaitOnSTOPFlagUntilTimeout  stm32f7xx_hal_i2c.o
    0x08005220   0x08005220   0x00000088   Code   RO          873    .text.I2C_WaitOnTXISFlagUntilTimeout  stm32f7xx_hal_i2c.o
    0x080052a8   0x080052a8   0x00000154   Code   RO           35    .text.I2Cx_Init     stm32746g_discovery.o
    0x080053fc   0x080053fc   0x00000004   PAD
    0x08005400   0x08005400   0x00000124   Code   RO         1185    .text.LTDC_SetConfig  stm32f7xx_hal_ltdc.o
    0x08005524   0x08005524   0x00000004   PAD
    0x08005528   0x08005528   0x00000022   Code   RO         1992    .text.MX_FATFS_Init  fatfs.o
    0x0800554a   0x0800554a   0x00000006   PAD
    0x08005550   0x08005550   0x00000002   Code   RO          350    .text.MemManage_Handler  stm32f7xx_it.o
    0x08005552   0x08005552   0x00000006   PAD
    0x08005558   0x08005558   0x00000002   Code   RO          346    .text.NMI_Handler   stm32f7xx_it.o
    0x0800555a   0x0800555a   0x00000006   PAD
    0x08005560   0x08005560   0x00000002   Code   RO          360    .text.PendSV_Handler  stm32f7xx_it.o
    0x08005562   0x08005562   0x00000006   PAD
    0x08005568   0x08005568   0x0000018e   Code   RO          308    .text.Read_Bmp_file  main.o
    0x080056f6   0x080056f6   0x00000002   PAD
    0x080056f8   0x080056f8   0x0000000c   Code   RO          366    .text.SDMMC1_IRQHandler  stm32f7xx_it.o
    0x08005704   0x08005704   0x00000004   PAD
    0x08005708   0x08005708   0x00000018   Code   RO         1316    .text.SDMMC_CmdAppCommand  stm32f7xx_ll_sdmmc.o
    0x08005720   0x08005720   0x00000092   Code   RO         1318    .text.SDMMC_CmdAppOperCommand  stm32f7xx_ll_sdmmc.o
    0x080057b2   0x080057b2   0x00000006   PAD
    0x080057b8   0x080057b8   0x00000018   Code   RO         1284    .text.SDMMC_CmdBlockLength  stm32f7xx_ll_sdmmc.o
    0x080057d0   0x080057d0   0x00000062   Code   RO         1310    .text.SDMMC_CmdGoIdleState  stm32f7xx_ll_sdmmc.o
    0x08005832   0x08005832   0x00000006   PAD
    0x08005838   0x08005838   0x000000aa   Code   RO         1312    .text.SDMMC_CmdOperCond  stm32f7xx_ll_sdmmc.o
    0x080058e2   0x080058e2   0x00000006   PAD
    0x080058e8   0x080058e8   0x00000018   Code   RO         1290    .text.SDMMC_CmdReadMultiBlock  stm32f7xx_ll_sdmmc.o
    0x08005900   0x08005900   0x00000018   Code   RO         1288    .text.SDMMC_CmdReadSingleBlock  stm32f7xx_ll_sdmmc.o
    0x08005918   0x08005918   0x00000018   Code   RO         1308    .text.SDMMC_CmdSelDesel  stm32f7xx_ll_sdmmc.o
    0x08005930   0x08005930   0x0000009c   Code   RO         1326    .text.SDMMC_CmdSendCID  stm32f7xx_ll_sdmmc.o
    0x080059cc   0x080059cc   0x00000004   PAD
    0x080059d0   0x080059d0   0x0000009c   Code   RO         1330    .text.SDMMC_CmdSendCSD  stm32f7xx_ll_sdmmc.o
    0x08005a6c   0x08005a6c   0x00000004   PAD
    0x08005a70   0x08005a70   0x00000018   Code   RO         1338    .text.SDMMC_CmdSendStatus  stm32f7xx_ll_sdmmc.o
    0x08005a88   0x08005a88   0x000000ca   Code   RO         1332    .text.SDMMC_CmdSetRelAdd  stm32f7xx_ll_sdmmc.o
    0x08005b52   0x08005b52   0x00000006   PAD
    0x08005b58   0x08005b58   0x0000001e   Code   RO         1306    .text.SDMMC_CmdStopTransfer  stm32f7xx_ll_sdmmc.o
    0x08005b76   0x08005b76   0x00000002   PAD
    0x08005b78   0x08005b78   0x00000018   Code   RO         1294    .text.SDMMC_CmdWriteMultiBlock  stm32f7xx_ll_sdmmc.o
    0x08005b90   0x08005b90   0x00000018   Code   RO         1292    .text.SDMMC_CmdWriteSingleBlock  stm32f7xx_ll_sdmmc.o
    0x08005ba8   0x08005ba8   0x0000002c   Code   RO         1276    .text.SDMMC_ConfigData  stm32f7xx_ll_sdmmc.o
    0x08005bd4   0x08005bd4   0x00000004   PAD
    0x08005bd8   0x08005bd8   0x0000018a   Code   RO         1286    .text.SDMMC_GetCmdResp1  stm32f7xx_ll_sdmmc.o
    0x08005d62   0x08005d62   0x00000006   PAD
    0x08005d68   0x08005d68   0x00000008   Code   RO         1268    .text.SDMMC_GetPowerState  stm32f7xx_ll_sdmmc.o
    0x08005d70   0x08005d70   0x00000006   Code   RO         1274    .text.SDMMC_GetResponse  stm32f7xx_ll_sdmmc.o
    0x08005d76   0x08005d76   0x00000002   PAD
    0x08005d78   0x08005d78   0x00000024   Code   RO         1258    .text.SDMMC_Init    stm32f7xx_ll_sdmmc.o
    0x08005d9c   0x08005d9c   0x00000004   PAD
    0x08005da0   0x08005da0   0x0000000a   Code   RO         1264    .text.SDMMC_PowerState_ON  stm32f7xx_ll_sdmmc.o
    0x08005daa   0x08005daa   0x00000006   PAD
    0x08005db0   0x08005db0   0x00000006   Code   RO         1260    .text.SDMMC_ReadFIFO  stm32f7xx_ll_sdmmc.o
    0x08005db6   0x08005db6   0x00000002   PAD
    0x08005db8   0x08005db8   0x0000000c   Code   RO         1262    .text.SDMMC_WriteFIFO  stm32f7xx_ll_sdmmc.o
    0x08005dc4   0x08005dc4   0x00000004   PAD
    0x08005dc8   0x08005dc8   0x0000006a   Code   RO         1396    .text.SD_DMARxAbort  stm32f7xx_hal_sd.o
    0x08005e32   0x08005e32   0x00000006   PAD
    0x08005e38   0x08005e38   0x0000006a   Code   RO         1394    .text.SD_DMATxAbort  stm32f7xx_hal_sd.o
    0x08005ea2   0x08005ea2   0x00000006   PAD
    0x08005ea8   0x08005ea8   0x00000030   Code   RO         1963    .text.SD_initialize  sd_diskio.o
    0x08005ed8   0x08005ed8   0x0000005a   Code   RO         1971    .text.SD_ioctl      sd_diskio.o
    0x08005f32   0x08005f32   0x00000006   PAD
    0x08005f38   0x08005f38   0x00000028   Code   RO         1967    .text.SD_read       sd_diskio.o
    0x08005f60   0x08005f60   0x00000024   Code   RO         1965    .text.SD_status     sd_diskio.o
    0x08005f84   0x08005f84   0x00000004   PAD
    0x08005f88   0x08005f88   0x00000028   Code   RO         1969    .text.SD_write      sd_diskio.o
    0x08005fb0   0x08005fb0   0x00000002   Code   RO          356    .text.SVC_Handler   stm32f7xx_it.o
    0x08005fb2   0x08005fb2   0x00000006   PAD
    0x08005fb8   0x08005fb8   0x00000004   Code   RO          362    .text.SysTick_Handler  stm32f7xx_it.o
    0x08005fbc   0x08005fbc   0x00000004   PAD
    0x08005fc0   0x08005fc0   0x000000c4   Code   RO          306    .text.SystemClock_Config  main.o
    0x08006084   0x08006084   0x00000004   PAD
    0x08006088   0x08006088   0x00000012   Code   RO         1908    .text.SystemInit    system_stm32f7xx.o
    0x0800609a   0x0800609a   0x00000006   PAD
    0x080060a0   0x080060a0   0x0000000c   Code   RO          368    .text.TIM6_DAC_IRQHandler  stm32f7xx_it.o
    0x080060ac   0x080060ac   0x00000004   PAD
    0x080060b0   0x080060b0   0x0000000c   Code   RO          370    .text.TIM7_IRQHandler  stm32f7xx_it.o
    0x080060bc   0x080060bc   0x00000004   PAD
    0x080060c0   0x080060c0   0x00000134   Code   RO         1434    .text.TIM_Base_SetConfig  stm32f7xx_hal_tim.o
    0x080061f4   0x080061f4   0x00000004   PAD
    0x080061f8   0x080061f8   0x00000004   Code   RO           67    .text.TS_IO_Delay   stm32746g_discovery.o
    0x080061fc   0x080061fc   0x00000004   PAD
    0x08006200   0x08006200   0x0000000c   Code   RO           61    .text.TS_IO_Init    stm32746g_discovery.o
    0x0800620c   0x0800620c   0x00000004   PAD
    0x08006210   0x08006210   0x0000004a   Code   RO           65    .text.TS_IO_Read    stm32746g_discovery.o
    0x0800625a   0x0800625a   0x00000006   PAD
    0x08006260   0x08006260   0x00000046   Code   RO           63    .text.TS_IO_Write   stm32746g_discovery.o
    0x080062a6   0x080062a6   0x00000002   PAD
    0x080062a8   0x080062a8   0x000000e0   Code   RO         1759    .text.UART_AdvFeatureConfig  stm32f7xx_hal_uart.o
    0x08006388   0x08006388   0x0000023c   Code   RO         1757    .text.UART_SetConfig  stm32f7xx_hal_uart.o
    0x080065c4   0x080065c4   0x00000004   PAD
    0x080065c8   0x080065c8   0x00000218   Code   RO         1775    .text.UART_WaitOnFlagUntilTimeout  stm32f7xx_hal_uart.o
    0x080067e0   0x080067e0   0x00000002   Code   RO          354    .text.UsageFault_Handler  stm32f7xx_it.o
    0x080067e2   0x080067e2   0x00000006   PAD
    0x080067e8   0x080067e8   0x000000c4   Code   RO         2049    .text.create_chain  ff.o
    0x080068ac   0x080068ac   0x00000004   PAD
    0x080068b0   0x080068b0   0x0000015c   Code   RO         2067    .text.dir_next      ff.o
    0x08006a0c   0x08006a0c   0x00000004   PAD
    0x08006a10   0x08006a10   0x000000e6   Code   RO         2035    .text.dir_register  ff.o
    0x08006af6   0x08006af6   0x00000002   PAD
    0x08006af8   0x08006af8   0x00000028   Code   RO         2009    .text.disk_initialize  diskio.o
    0x08006b20   0x08006b20   0x00000016   Code   RO         2015    .text.disk_ioctl    diskio.o
    0x08006b36   0x08006b36   0x00000002   PAD
    0x08006b38   0x08006b38   0x00000020   Code   RO         2011    .text.disk_read     diskio.o
    0x08006b58   0x08006b58   0x00000016   Code   RO         2007    .text.disk_status   diskio.o
    0x08006b6e   0x08006b6e   0x00000002   PAD
    0x08006b70   0x08006b70   0x00000020   Code   RO         2013    .text.disk_write    diskio.o
    0x08006b90   0x08006b90   0x0000007a   Code   RO         2055    .text.f_close       ff.o
    0x08006c0a   0x08006c0a   0x00000006   PAD
    0x08006c10   0x08006c10   0x0000007c   Code   RO         2061    .text.f_closedir    ff.o
    0x08006c8c   0x08006c8c   0x00000004   PAD
    0x08006c90   0x08006c90   0x000000a8   Code   RO         2027    .text.f_mount       ff.o
    0x08006d38   0x08006d38   0x000003d6   Code   RO         2031    .text.f_open        ff.o
    0x0800710e   0x0800710e   0x00000002   PAD
    0x08007110   0x08007110   0x00000100   Code   RO         2059    .text.f_opendir     ff.o
    0x08007210   0x08007210   0x00000250   Code   RO         2045    .text.f_read        ff.o
    0x08007460   0x08007460   0x00000194   Code   RO         2063    .text.f_readdir     ff.o
    0x080075f4   0x080075f4   0x00000004   PAD
    0x080075f8   0x080075f8   0x000000ca   Code   RO         2051    .text.f_sync        ff.o
    0x080076c2   0x080076c2   0x00000006   PAD
    0x080076c8   0x080076c8   0x00000386   Code   RO         2029    .text.find_volume   ff.o
    0x08007a4e   0x08007a4e   0x00000002   PAD
    0x08007a50   0x08007a50   0x00000312   Code   RO         2033    .text.follow_path   ff.o
    0x08007d62   0x08007d62   0x00000006   PAD
    0x08007d68   0x08007d68   0x00000022   Code   RO          269    .text.ft5336_Init   ft5336.o
    0x08007d8a   0x08007d8a   0x00000006   PAD
    0x08007d90   0x08007d90   0x00000062   Code   RO          271    .text.ft5336_ReadID  ft5336.o
    0x08007df2   0x08007df2   0x00000006   PAD
    0x08007df8   0x08007df8   0x00000002   Code   RO          273    .text.ft5336_Reset  ft5336.o
    0x08007dfa   0x08007dfa   0x00000006   PAD
    0x08007e00   0x08007e00   0x00000002   Code   RO          283    .text.ft5336_TS_ClearIT  ft5336.o
    0x08007e02   0x08007e02   0x00000006   PAD
    0x08007e08   0x08007e08   0x00000046   Code   RO          277    .text.ft5336_TS_DetectTouch  ft5336.o
    0x08007e4e   0x08007e4e   0x00000002   PAD
    0x08007e50   0x08007e50   0x0000000a   Code   RO          287    .text.ft5336_TS_DisableIT  ft5336.o
    0x08007e5a   0x08007e5a   0x00000006   PAD
    0x08007e60   0x08007e60   0x0000000a   Code   RO          281    .text.ft5336_TS_EnableIT  ft5336.o
    0x08007e6a   0x08007e6a   0x00000006   PAD
    0x08007e70   0x08007e70   0x00000022   Code   RO          289    .text.ft5336_TS_GetGestureID  ft5336.o
    0x08007e92   0x08007e92   0x00000006   PAD
    0x08007e98   0x08007e98   0x00000090   Code   RO          291    .text.ft5336_TS_GetTouchInfo  ft5336.o
    0x08007f28   0x08007f28   0x000000c4   Code   RO          279    .text.ft5336_TS_GetXY  ft5336.o
    0x08007fec   0x08007fec   0x00000004   PAD
    0x08007ff0   0x08007ff0   0x00000004   Code   RO          285    .text.ft5336_TS_ITStatus  ft5336.o
    0x08007ff4   0x08007ff4   0x00000004   PAD
    0x08007ff8   0x08007ff8   0x0000000a   Code   RO          275    .text.ft5336_TS_Start  ft5336.o
    0x08008002   0x08008002   0x00000006   PAD
    0x08008008   0x08008008   0x000000ce   Code   RO         2043    .text.get_fat       ff.o
    0x080080d6   0x080080d6   0x00000002   PAD
    0x080080d8   0x080080d8   0x00000004   Code   RO         1994    .text.get_fattime   fatfs.o
    0x080080dc   0x080080dc   0x00000004   PAD
    0x080080e0   0x080080e0   0x0000009c   Code   RO         2041    .text.inc_lock      ff.o
    0x0800817c   0x0800817c   0x00000004   PAD
    0x08008180   0x08008180   0x000000be   Code   RO          312    .text.key_board_init  main.o
    0x0800823e   0x0800823e   0x00000002   PAD
    0x08008240   0x08008240   0x00000d4c   Code   RO          304    .text.main          main.o
    0x08008f8c   0x08008f8c   0x00000004   PAD
    0x08008f90   0x08008f90   0x0000008a   Code   RO         2039    .text.move_window   ff.o
    0x0800901a   0x0800901a   0x00000006   PAD
    0x08009020   0x08009020   0x00000108   Code   RO         2095    .text.put_fat       ff.o
    0x08009128   0x08009128   0x000000d2   Code   RO         2053    .text.sync_fs       ff.o
    0x080091fa   0x080091fa   0x00000006   PAD
    0x08009200   0x08009200   0x00000052   Code   RO         2079    .text.sync_window   ff.o
    0x08009252   0x08009252   0x0000000e   Code   RO         2154    i._is_digit         c_w.l(__printf_wp.o)
    0x08009260   0x08009260   0x0000001a   Code   RO         2300    x$fpl$fpinit        fz_wm.l(fpinit.o)
    0x0800927a   0x0800927a   0x00000010   Data   RO         1913    .rodata.AHBPrescTable  system_stm32f7xx.o
    0x0800928a   0x0800928a   0x00000008   Data   RO         1914    .rodata.APBPrescTable  system_stm32f7xx.o
    0x08009292   0x08009292   0x00000080   Data   RO         2102    .rodata.ExCvt       ff.o
    0x08009312   0x08009312   0x00001ab8   Data   RO          192    .rodata.Font24_Table  stm32746g_discovery_lcd.o
    0x0800adca   0x0800adca   0x00000002   PAD
    0x0800adcc   0x0800adcc   0x00000014   Data   RO         1973    .rodata.SD_Driver   sd_diskio.o
    0x0800ade0   0x0800ade0   0x00000020   Data   RO         1879    .rodata.cst16       stm32f7xx_hal_uart.o
    0x0800ae00   0x0800ae00   0x00000020   Data   RO         1247    .rodata.cst32       stm32f7xx_hal_ltdc.o
    0x0800ae20   0x0800ae20   0x00000008   Data   RO          694    .rodata.cst8        stm32f7xx_hal_dma.o
    0x0800ae28   0x0800ae28   0x00000009   Data   RO          322    .rodata.str1.1      main.o
    0x0800ae31   0x0800ae31   0x00000037   Data   RO         2099    .rodata.str1.1      ff.o
    0x0800ae68   0x0800ae68   0x00000020   Data   RO         2361    Region$$Table       anon$$obj.o


    Execution Region RW_IRAM1 (Exec base: 0x20000000, Load base: 0x0800ae88, Size: 0x000017a0, Max: 0x00050000, ABSOLUTE)

    Exec Addr    Load Addr    Size         Type   Attr      Idx    E Section Name        Object

    0x20000000   0x0800ae88   0x00000014   Data   RW          335    .data..L_MergedGlobals  main.o
    0x20000014   0x0800ae9c   0x00000008   Data   RW          852    .data..L_MergedGlobals  stm32f7xx_hal.o
    0x2000001c   0x0800aea4   0x00000008   Data   RW          193    .data.Font24        stm32746g_discovery_lcd.o
    0x20000024   0x0800aeac   0x00000001   Data   RW         1974    .data.Stat          sd_diskio.o
    0x20000025   0x0800aead   0x00000003   PAD
    0x20000028   0x0800aeb0   0x00000004   Data   RW         1912    .data.SystemCoreClock  system_stm32f7xx.o
    0x2000002c   0x0800aeb4   0x00000028   Data   RW          293    .data.ft5336_ts_drv  ft5336.o
    0x20000054   0x0800aedc   0x00000004   PAD
    0x20000058        -       0x00000060   Zero   RW         2226    .bss                c_w.l(libspace.o)
    0x200000b8        -       0x0000005c   Zero   RW          204    .bss..L_MergedGlobals  stm32746g_discovery_lcd.o
    0x20000114        -       0x00000064   Zero   RW          235    .bss..L_MergedGlobals  stm32746g_discovery_sdram.o
    0x20000178        -       0x00000030   Zero   RW          260    .bss..L_MergedGlobals  stm32746g_discovery_ts.o
    0x200001a8        -       0x00000004   Zero   RW          295    .bss..L_MergedGlobals  ft5336.o
    0x200001ac        -       0x00000064   Zero   RW          336    .bss..L_MergedGlobals.4  main.o
    0x20000210        -       0x00000064   Zero   RW          337    .bss..L_MergedGlobals.5  main.o
    0x20000274        -       0x00000084   Zero   RW          203    .bss.BSP_LCD_ClockConfig.periph_clk_init_struct  stm32746g_discovery_lcd.o
    0x200002f8        -       0x00000060   Zero   RW          233    .bss.BSP_SDRAM_MspInit.dma_handle  stm32746g_discovery_sdram.o
    0x20000358        -       0x00000001   Zero   RW          411    .bss.FMC_Initialized  stm32f7xx_hal_msp.o
    0x20000359   0x0800aedc   0x00000003   PAD
    0x2000035c        -       0x00000004   Zero   RW         2097    .bss.FatFs          ff.o
    0x20000360        -       0x00000020   Zero   RW         2100    .bss.Files          ff.o
    0x20000380        -       0x00000002   Zero   RW         2101    .bss.Fsid           ff.o
    0x20000382        -       0x00000400   Zero   RW          318    .bss.ReadBuffer     main.o
    0x20000782        -       0x00000004   Zero   RW         1996    .bss.SDPath         fatfs.o
    0x20000786        -       0x000000c8   Zero   RW          323    .bss.buffer         main.o
    0x2000084e   0x0800aedc   0x00000002   PAD
    0x20000850        -       0x0000000c   Zero   RW         2121    .bss.disk           ff_gen_drv.o
    0x2000085c        -       0x00000230   Zero   RW          325    .bss.file           main.o
    0x20000a8c        -       0x00000230   Zero   RW          321    .bss.fs             main.o
    0x20000cbc        -       0x00000001   Zero   RW          294    .bss.ft5336_handle.0  ft5336.o
    0x20000cbd   0x0800aedc   0x00000003   PAD
    0x20000cc0        -       0x00000054   Zero   RW           77    .bss.hI2cAudioHandler  stm32746g_discovery.o
    0x20000d14        -       0x000000a8   Zero   RW          202    .bss.hLtdcHandler   stm32746g_discovery_lcd.o
    0x20000dbc        -       0x00000040   Zero   RW          327    .bss.hdma2d         main.o
    0x20000dfc        -       0x00000060   Zero   RW          330    .bss.hdma_sdmmc1_rx  main.o
    0x20000e5c        -       0x00000060   Zero   RW          331    .bss.hdma_sdmmc1_tx  main.o
    0x20000ebc        -       0x000000a8   Zero   RW          328    .bss.hltdc          main.o
    0x20000f64        -       0x00000084   Zero   RW          329    .bss.hsd1           main.o
    0x20000fe8        -       0x0000004c   Zero   RW          326    .bss.htim6          main.o
    0x20001034        -       0x0000004c   Zero   RW          320    .bss.htim7          main.o
    0x20001080        -       0x00000088   Zero   RW          332    .bss.huart1         main.o
    0x20001108        -       0x00000090   Zero   RW          324    .bss.key            main.o
    0x20001198        -       0x00000001   Zero   RW         1997    .bss.retSD          fatfs.o
    0x20001199   0x0800aedc   0x00000003   PAD
    0x2000119c        -       0x00000004   Zero   RW          851    .bss.uwTick         stm32f7xx_hal.o
    0x200011a0        -       0x00000200   Zero   RW            2    HEAP                startup_stm32f746xx.o
    0x200013a0        -       0x00000400   Zero   RW            1    STACK               startup_stm32f746xx.o


==============================================================================

Image component sizes


      Code (inc. data)   RO Data    RW Data    ZI Data      Debug   Object Name

       190          0          0          0          0       6754   bsp_driver_sd.o
       148          0          0          0          0       1916   diskio.o
        38          0          0          0          5       1935   fatfs.o
        26          0          0          0          0       1204   fatfs_platform.o
      6368          0        183          0         38      61018   ff.o
        76          0          0          0         12       3316   ff_gen_drv.o
       614          0          0         40          5       5492   ft5336.o
      4334          0          9         20       3532      25558   main.o
       254          4         20          1          0       3292   sd_diskio.o
        64         26        456          0       1536        836   startup_stm32f746xx.o
       500          0          0          0         84      19645   stm32746g_discovery.o
      2160          0       6840          8        392      49860   stm32746g_discovery_lcd.o
       638          0          0          0        196      10360   stm32746g_discovery_sdram.o
       504         60          0          0         48       7924   stm32746g_discovery_ts.o
       172          0          0          8          4       7799   stm32f7xx_hal.o
       200          0          0          0          0      11270   stm32f7xx_hal_cortex.o
       970          6          8          0          0      10782   stm32f7xx_hal_dma.o
      1238          6          0          0          0      17994   stm32f7xx_hal_dma2d.o
       464          0          0          0          0       5252   stm32f7xx_hal_gpio.o
      2214          0          0          0          0      64024   stm32f7xx_hal_i2c.o
       642          0         32          0          0      15922   stm32f7xx_hal_ltdc.o
      1384          0          0          0          1      19258   stm32f7xx_hal_msp.o
       118          0          0          0          0       5722   stm32f7xx_hal_pwr_ex.o
      1636          0          0          0          0       8441   stm32f7xx_hal_rcc.o
      1376          0          0          0          0       7010   stm32f7xx_hal_rcc_ex.o
      3052          0          0          0          0      28514   stm32f7xx_hal_sd.o
       190          0          0          0          0      15307   stm32f7xx_hal_sdram.o
      1212          0          0          0          0      62422   stm32f7xx_hal_tim.o
       212          0          0          0          0      23329   stm32f7xx_hal_tim_ex.o
      1494         22         32          0          0      34775   stm32f7xx_hal_uart.o
       100          0          0          0          0       8082   stm32f7xx_it.o
       420          0          0          0          0       9143   stm32f7xx_ll_fmc.o
      1666          0          0          0          0      22414   stm32f7xx_ll_sdmmc.o
        18          0         24          4          0       3395   system_stm32f7xx.o

    ----------------------------------------------------------------------
     35458        124       7638         84       5868     579965   Object Totals
         0          0         32          0          0          0   (incl. Generated)
       766          0          2          3         15          0   (incl. Padding)

    ----------------------------------------------------------------------

      Code (inc. data)   RO Data    RW Data    ZI Data      Debug   Library Member Name

         8          0          0          0          0         68   __main.o
       284          0          0          0          0        156   __printf_wp.o
         0          0          0          0          0          0   __rtentry.o
        12          0          0          0          0          0   __rtentry2.o
         6          0          0          0          0          0   __rtentry4.o
        94          8          0          0          0          0   __scatter.o
        26          0          0          0          0          0   __scatter_copy.o
        28          0          0          0          0          0   __scatter_zi.o
        48          6          0          0          0         96   _printf_char_common.o
         6          0          0          0          0          0   _printf_d.o
       120         16          0          0          0         92   _printf_dec.o
       178          0          0          0          0         88   _printf_intcommon.o
        78          0          0          0          0        108   _printf_pad.o
         0          0          0          0          0          0   _printf_percent.o
         4          0          0          0          0          0   _printf_percent_end.o
        10          0          0          0          0         68   _sputc.o
        18          0          0          0          0         80   exit.o
         6          0          0          0          0        152   heapauxi.o
         0          0          0          0          0          0   indicate_semi.o
         2          0          0          0          0          0   libinit.o
         6          0          0          0          0          0   libinit2.o
         2          0          0          0          0          0   libshutdown.o
         2          0          0          0          0          0   libshutdown2.o
         8          4          0          0         96         68   libspace.o
       240          0          0          0          0        100   lludivv7m.o
        40          6          0          0          0         84   noretval__2sprintf.o
        68          0          0          0          0         68   rt_memclr.o
        78          0          0          0          0         80   rt_memclr_w.o
         2          0          0          0          0          0   rtexit.o
        10          0          0          0          0          0   rtexit2.o
        72          0          0          0          0         80   strcpy.o
        12          4          0          0          0         68   sys_exit.o
        74          0          0          0          0         80   sys_stackheap_outer.o
         2          0          0          0          0         68   use_no_semi.o
        26          0          0          0          0        116   fpinit.o

    ----------------------------------------------------------------------
      1584         44          0          0         96       1720   Library Totals
        14          0          0          0          0          0   (incl. Padding)

    ----------------------------------------------------------------------

      Code (inc. data)   RO Data    RW Data    ZI Data      Debug   Library Name

      1544         44          0          0         96       1604   c_w.l
        26          0          0          0          0        116   fz_wm.l

    ----------------------------------------------------------------------
      1584         44          0          0         96       1720   Library Totals

    ----------------------------------------------------------------------

==============================================================================


      Code (inc. data)   RO Data    RW Data    ZI Data      Debug   

     37042        168       7638         84       5964     580333   Grand Totals
     37042        168       7638         84       5964     580333   ELF Image Totals
     37042        168       7638         84          0          0   ROM Totals

==============================================================================

    Total RO  Size (Code + RO Data)                44680 (  43.63kB)
    Total RW  Size (RW Data + ZI Data)              6048 (   5.91kB)
    Total ROM Size (Code + RO Data + RW Data)      44764 (  43.71kB)

==============================================================================

