<html>
<body>
<pre>
<h1>µVision Build Log</h1>
<h2>Tool Versions:</h2>
IDE-Version: £gVision V5.41.0.0
Copyright (C) 2024 ARM Ltd and ARM Germany GmbH. All rights reserved.
License Information: Xie xie, xie, LIC=RC93N-YPJQ9-KP8ZY-I6A68-BWKZV-R321T
 
Tool Versions:
Toolchain:       MDK-ARM Plus  Version: 5.41.0.0
Toolchain Path:  C:\Users\xie\STM32Cube\Core\ARM\ARMCLANG\Bin
C Compiler:      ArmClang.exe V6.22
Assembler:       Armasm.exe V6.22
Linker/Locator:  ArmLink.exe V6.22
Library Manager: ArmAr.exe V6.22
Hex Converter:   FromElf.exe V6.22
CPU DLL:         SARMCM3.DLL V5.41.0.0
Dialog DLL:      DCM.DLL V1.17.5.0
Target DLL:      STLink\ST-LINKIII-KEIL_SWO.dll V3.3.0.0
Dialog DLL:      TCM.DLL V1.56.4.0
 
<h2>Project:</h2>
C:\Code\STM32CubeMx_Project\OMGGGG\MDK-ARM\OMGGGG.uvprojx
Project File Date:  11/15/2024

<h2>Output:</h2>
*** Using Compiler 'V6.22', folder: 'C:\Users\xie\STM32Cube\Core\ARM\ARMCLANG\Bin'
Build target 'OMGGGG'
compiling main.c...
linking...
Program Size: Code=37042 RO-data=7638 RW-data=84 ZI-data=5964  
FromELF: creating hex file...
"OMGGGG\OMGGGG.axf" - 0 Error(s), 0 Warning(s).

<h2>Software Packages used:</h2>

Package Vendor: ARM
                https://www.keil.com/pack/ARM.CMSIS.6.1.0.pack
                ARM::CMSIS@6.1.0
                CMSIS (Common Microcontroller Software Interface Standard)
   * Component: CORE Version: 6.1.0

Package Vendor: Keil
                https://www.keil.com/pack/Keil.STM32F7xx_DFP.3.0.0.pack
                Keil::STM32F7xx_DFP@3.0.0
                STMicroelectronics STM32F7 Series Device Support

<h2>Collection of Component include folders:</h2>
  ./RTE/_OMGGGG
  C:/Users/xie/STM32Cube/pack/ARM/CMSIS/6.1.0/CMSIS/Core/Include

<h2>Collection of Component Files used:</h2>

   * Component: ARM::CMSIS:CORE@6.1.0
Build Time Elapsed:  00:00:01
</pre>
</body>
</html>
